Archive member included to satisfy reference by file (symbol)

c:/st/stm32cubeide_1.6.0/stm32cubeide/plugins/com.st.stm32cube.ide.mcu.externaltools.gnu-tools-for-stm32.9-2020-q2-update.win32_1.5.0.202011040924/tools/bin/../lib/gcc/arm-none-eabi/9.3.1/../../../../arm-none-eabi/lib/thumb/v7-m/nofp\libc_nano.a(lib_a-errno.o)
                              Core/Src/syscalls.o (__errno)
c:/st/stm32cubeide_1.6.0/stm32cubeide/plugins/com.st.stm32cube.ide.mcu.externaltools.gnu-tools-for-stm32.9-2020-q2-update.win32_1.5.0.202011040924/tools/bin/../lib/gcc/arm-none-eabi/9.3.1/../../../../arm-none-eabi/lib/thumb/v7-m/nofp\libc_nano.a(lib_a-exit.o)
                              c:/st/stm32cubeide_1.6.0/stm32cubeide/plugins/com.st.stm32cube.ide.mcu.externaltools.gnu-tools-for-stm32.9-2020-q2-update.win32_1.5.0.202011040924/tools/bin/../lib/gcc/arm-none-eabi/9.3.1/../../../../arm-none-eabi/lib/thumb/v7-m/nofp/crt0.o (exit)
c:/st/stm32cubeide_1.6.0/stm32cubeide/plugins/com.st.stm32cube.ide.mcu.externaltools.gnu-tools-for-stm32.9-2020-q2-update.win32_1.5.0.202011040924/tools/bin/../lib/gcc/arm-none-eabi/9.3.1/../../../../arm-none-eabi/lib/thumb/v7-m/nofp\libc_nano.a(lib_a-impure.o)
                              c:/st/stm32cubeide_1.6.0/stm32cubeide/plugins/com.st.stm32cube.ide.mcu.externaltools.gnu-tools-for-stm32.9-2020-q2-update.win32_1.5.0.202011040924/tools/bin/../lib/gcc/arm-none-eabi/9.3.1/../../../../arm-none-eabi/lib/thumb/v7-m/nofp\libc_nano.a(lib_a-exit.o) (_global_impure_ptr)
c:/st/stm32cubeide_1.6.0/stm32cubeide/plugins/com.st.stm32cube.ide.mcu.externaltools.gnu-tools-for-stm32.9-2020-q2-update.win32_1.5.0.202011040924/tools/bin/../lib/gcc/arm-none-eabi/9.3.1/../../../../arm-none-eabi/lib/thumb/v7-m/nofp\libc_nano.a(lib_a-init.o)
                              c:/st/stm32cubeide_1.6.0/stm32cubeide/plugins/com.st.stm32cube.ide.mcu.externaltools.gnu-tools-for-stm32.9-2020-q2-update.win32_1.5.0.202011040924/tools/bin/../lib/gcc/arm-none-eabi/9.3.1/../../../../arm-none-eabi/lib/thumb/v7-m/nofp/crt0.o (__libc_init_array)
c:/st/stm32cubeide_1.6.0/stm32cubeide/plugins/com.st.stm32cube.ide.mcu.externaltools.gnu-tools-for-stm32.9-2020-q2-update.win32_1.5.0.202011040924/tools/bin/../lib/gcc/arm-none-eabi/9.3.1/../../../../arm-none-eabi/lib/thumb/v7-m/nofp\libc_nano.a(lib_a-memset.o)
                              c:/st/stm32cubeide_1.6.0/stm32cubeide/plugins/com.st.stm32cube.ide.mcu.externaltools.gnu-tools-for-stm32.9-2020-q2-update.win32_1.5.0.202011040924/tools/bin/../lib/gcc/arm-none-eabi/9.3.1/../../../../arm-none-eabi/lib/thumb/v7-m/nofp/crt0.o (memset)
c:/st/stm32cubeide_1.6.0/stm32cubeide/plugins/com.st.stm32cube.ide.mcu.externaltools.gnu-tools-for-stm32.9-2020-q2-update.win32_1.5.0.202011040924/tools/bin/../lib/gcc/arm-none-eabi/9.3.1/../../../../arm-none-eabi/lib/thumb/v7-m/nofp\libc_nano.a(lib_a-vsprintf.o)
                              Core/Src/main.o (vsprintf)
c:/st/stm32cubeide_1.6.0/stm32cubeide/plugins/com.st.stm32cube.ide.mcu.externaltools.gnu-tools-for-stm32.9-2020-q2-update.win32_1.5.0.202011040924/tools/bin/../lib/gcc/arm-none-eabi/9.3.1/../../../../arm-none-eabi/lib/thumb/v7-m/nofp\libc_nano.a(lib_a-nano-svfprintf.o)
                              c:/st/stm32cubeide_1.6.0/stm32cubeide/plugins/com.st.stm32cube.ide.mcu.externaltools.gnu-tools-for-stm32.9-2020-q2-update.win32_1.5.0.202011040924/tools/bin/../lib/gcc/arm-none-eabi/9.3.1/../../../../arm-none-eabi/lib/thumb/v7-m/nofp\libc_nano.a(lib_a-vsprintf.o) (_svfprintf_r)
c:/st/stm32cubeide_1.6.0/stm32cubeide/plugins/com.st.stm32cube.ide.mcu.externaltools.gnu-tools-for-stm32.9-2020-q2-update.win32_1.5.0.202011040924/tools/bin/../lib/gcc/arm-none-eabi/9.3.1/../../../../arm-none-eabi/lib/thumb/v7-m/nofp\libc_nano.a(lib_a-nano-vfprintf_i.o)
                              c:/st/stm32cubeide_1.6.0/stm32cubeide/plugins/com.st.stm32cube.ide.mcu.externaltools.gnu-tools-for-stm32.9-2020-q2-update.win32_1.5.0.202011040924/tools/bin/../lib/gcc/arm-none-eabi/9.3.1/../../../../arm-none-eabi/lib/thumb/v7-m/nofp\libc_nano.a(lib_a-nano-svfprintf.o) (_printf_i)
c:/st/stm32cubeide_1.6.0/stm32cubeide/plugins/com.st.stm32cube.ide.mcu.externaltools.gnu-tools-for-stm32.9-2020-q2-update.win32_1.5.0.202011040924/tools/bin/../lib/gcc/arm-none-eabi/9.3.1/../../../../arm-none-eabi/lib/thumb/v7-m/nofp\libc_nano.a(lib_a-memchr-stub.o)
                              c:/st/stm32cubeide_1.6.0/stm32cubeide/plugins/com.st.stm32cube.ide.mcu.externaltools.gnu-tools-for-stm32.9-2020-q2-update.win32_1.5.0.202011040924/tools/bin/../lib/gcc/arm-none-eabi/9.3.1/../../../../arm-none-eabi/lib/thumb/v7-m/nofp\libc_nano.a(lib_a-nano-svfprintf.o) (memchr)
c:/st/stm32cubeide_1.6.0/stm32cubeide/plugins/com.st.stm32cube.ide.mcu.externaltools.gnu-tools-for-stm32.9-2020-q2-update.win32_1.5.0.202011040924/tools/bin/../lib/gcc/arm-none-eabi/9.3.1/../../../../arm-none-eabi/lib/thumb/v7-m/nofp\libc_nano.a(lib_a-memcpy-stub.o)
[...]
Memory Configuration

Name             Origin             Length             Attributes
RAM              0x0000000020000000 0x0000000000005000 xrw
FLASH            0x0000000008000000 0x0000000000010000 xr
*default*        0x0000000000000000 0xffffffffffffffff

Linker script and memory map

LOAD c:/st/stm32cubeide_1.6.0/stm32cubeide/plugins/com.st.stm32cube.ide.mcu.externaltools.gnu-tools-for-stm32.9-2020-q2-update.win32_1.5.0.202011040924/tools/bin/../lib/gcc/arm-none-eabi/9.3.1/thumb/v7-m/nofp/crti.o
LOAD c:/st/stm32cubeide_1.6.0/stm32cubeide/plugins/com.st.stm32cube.ide.mcu.externaltools.gnu-tools-for-stm32.9-2020-q2-update.win32_1.5.0.202011040924/tools/bin/../lib/gcc/arm-none-eabi/9.3.1/thumb/v7-m/nofp/crtbegin.o
LOAD c:/st/stm32cubeide_1.6.0/stm32cubeide/plugins/com.st.stm32cube.ide.mcu.externaltools.gnu-tools-for-stm32.9-2020-q2-update.win32_1.5.0.202011040924/tools/bin/../lib/gcc/arm-none-eabi/9.3.1/../../../../arm-none-eabi/lib/thumb/v7-m/nofp/crt0.o
LOAD Core/Src/main.o
LOAD Core/Src/stm32f1xx_hal_msp.o
LOAD Core/Src/stm32f1xx_it.o
LOAD Core/Src/syscalls.o
LOAD Core/Src/sysmem.o
LOAD Core/Src/system_stm32f1xx.o
LOAD Core/Startup/startup_stm32f103c8tx.o
LOAD Drivers/STM32F1xx_HAL_Driver/Src/stm32f1xx_hal.o
LOAD Drivers/STM32F1xx_HAL_Driver/Src/stm32f1xx_hal_cortex.o
LOAD Drivers/STM32F1xx_HAL_Driver/Src/stm32f1xx_hal_dma.o
LOAD Drivers/STM32F1xx_HAL_Driver/Src/stm32f1xx_hal_exti.o
LOAD Drivers/STM32F1xx_HAL_Driver/Src/stm32f1xx_hal_flash.o
LOAD Drivers/STM32F1xx_HAL_Driver/Src/stm32f1xx_hal_flash_ex.o
LOAD Drivers/STM32F1xx_HAL_Driver/Src/stm32f1xx_hal_gpio.o
LOAD Drivers/STM32F1xx_HAL_Driver/Src/stm32f1xx_hal_gpio_ex.o
LOAD Drivers/STM32F1xx_HAL_Driver/Src/stm32f1xx_hal_pcd.o
LOAD Drivers/STM32F1xx_HAL_Driver/Src/stm32f1xx_hal_pcd_ex.o
LOAD Drivers/STM32F1xx_HAL_Driver/Src/stm32f1xx_hal_pwr.o
LOAD Drivers/STM32F1xx_HAL_Driver/Src/stm32f1xx_hal_rcc.o
LOAD Drivers/STM32F1xx_HAL_Driver/Src/stm32f1xx_hal_rcc_ex.o
LOAD Drivers/STM32F1xx_HAL_Driver/Src/stm32f1xx_hal_tim.o
LOAD Drivers/STM32F1xx_HAL_Driver/Src/stm32f1xx_hal_tim_ex.o
LOAD Drivers/STM32F1xx_HAL_Driver/Src/stm32f1xx_ll_usb.o
LOAD Middlewares/ST/STM32_USB_Device_Library/Class/CDC/Src/usbd_cdc.o
LOAD Middlewares/ST/STM32_USB_Device_Library/Core/Src/usbd_core.o
LOAD Middlewares/ST/STM32_USB_Device_Library/Core/Src/usbd_ctlreq.o
LOAD Middlewares/ST/STM32_USB_Device_Library/Core/Src/usbd_ioreq.o
LOAD USB_DEVICE/App/EvtQueue.o
LOAD USB_DEVICE/App/PushButton.o
LOAD USB_DEVICE/App/UsrTimer.o
LOAD USB_DEVICE/App/usb_device.o
LOAD USB_DEVICE/App/usbd_cdc_if.o
LOAD USB_DEVICE/App/usbd_desc.o
LOAD USB_DEVICE/Target/usbd_conf.o
START GROUP
LOAD c:/st/stm32cubeide_1.6.0/stm32cubeide/plugins/com.st.stm32cube.ide.mcu.externaltools.gnu-tools-for-stm32.9-2020-q2-update.win32_1.5.0.202011040924/tools/bin/../lib/gcc/arm-none-eabi/9.3.1/../../../../arm-none-eabi/lib/thumb/v7-m/nofp\libc_nano.a
LOAD c:/st/stm32cubeide_1.6.0/stm32cubeide/plugins/com.st.stm32cube.ide.mcu.externaltools.gnu-tools-for-stm32.9-2020-q2-update.win32_1.5.0.202011040924/tools/bin/../lib/gcc/arm-none-eabi/9.3.1/../../../../arm-none-eabi/lib/thumb/v7-m/nofp\libm.a
END GROUP
START GROUP
LOAD c:/st/stm32cubeide_1.6.0/stm32cubeide/plugins/com.st.stm32cube.ide.mcu.externaltools.gnu-tools-for-stm32.9-2020-q2-update.win32_1.5.0.202011040924/tools/bin/../lib/gcc/arm-none-eabi/9.3.1/thumb/v7-m/nofp\libgcc.a
LOAD c:/st/stm32cubeide_1.6.0/stm32cubeide/plugins/com.st.stm32cube.ide.mcu.externaltools.gnu-tools-for-stm32.9-2020-q2-update.win32_1.5.0.202011040924/tools/bin/../lib/gcc/arm-none-eabi/9.3.1/../../../../arm-none-eabi/lib/thumb/v7-m/nofp\libc_nano.a
END GROUP
START GROUP
LOAD c:/st/stm32cubeide_1.6.0/stm32cubeide/plugins/com.st.stm32cube.ide.mcu.externaltools.gnu-tools-for-stm32.9-2020-q2-update.win32_1.5.0.202011040924/tools/bin/../lib/gcc/arm-none-eabi/9.3.1/thumb/v7-m/nofp\libgcc.a
LOAD c:/st/stm32cubeide_1.6.0/stm32cubeide/plugins/com.st.stm32cube.ide.mcu.externaltools.gnu-tools-for-stm32.9-2020-q2-update.win32_1.5.0.202011040924/tools/bin/../lib/gcc/arm-none-eabi/9.3.1/../../../../arm-none-eabi/lib/thumb/v7-m/nofp\libc_nano.a
LOAD c:/st/stm32cubeide_1.6.0/stm32cubeide/plugins/com.st.stm32cube.ide.mcu.externaltools.gnu-tools-for-stm32.9-2020-q2-update.win32_1.5.0.202011040924/tools/bin/../lib/gcc/arm-none-eabi/9.3.1/../../../../arm-none-eabi/lib/thumb/v7-m/nofp\libnosys.a
END GROUP
START GROUP
LOAD c:/st/stm32cubeide_1.6.0/stm32cubeide/plugins/com.st.stm32cube.ide.mcu.externaltools.gnu-tools-for-stm32.9-2020-q2-update.win32_1.5.0.202011040924/tools/bin/../lib/gcc/arm-none-eabi/9.3.1/thumb/v7-m/nofp\libgcc.a
LOAD c:/st/stm32cubeide_1.6.0/stm32cubeide/plugins/com.st.stm32cube.ide.mcu.externaltools.gnu-tools-for-stm32.9-2020-q2-update.win32_1.5.0.202011040924/tools/bin/../lib/gcc/arm-none-eabi/9.3.1/../../../../arm-none-eabi/lib/thumb/v7-m/nofp\libc_nano.a
LOAD c:/st/stm32cubeide_1.6.0/stm32cubeide/plugins/com.st.stm32cube.ide.mcu.externaltools.gnu-tools-for-stm32.9-2020-q2-update.win32_1.5.0.202011040924/tools/bin/../lib/gcc/arm-none-eabi/9.3.1/../../../../arm-none-eabi/lib/thumb/v7-m/nofp\libnosys.a
END GROUP
LOAD c:/st/stm32cubeide_1.6.0/stm32cubeide/plugins/com.st.stm32cube.ide.mcu.externaltools.gnu-tools-for-stm32.9-2020-q2-update.win32_1.5.0.202011040924/tools/bin/../lib/gcc/arm-none-eabi/9.3.1/thumb/v7-m/nofp/crtend.o
LOAD c:/st/stm32cubeide_1.6.0/stm32cubeide/plugins/com.st.stm32cube.ide.mcu.externaltools.gnu-tools-for-stm32.9-2020-q2-update.win32_1.5.0.202011040924/tools/bin/../lib/gcc/arm-none-eabi/9.3.1/thumb/v7-m/nofp/crtn.o
                0x0000000020005000                _estack = (ORIGIN (RAM) + LENGTH (RAM))
                0x0000000000000200                _Min_Heap_Size = 0x200
                0x0000000000000400                _Min_Stack_Size = 0x400

.isr_vector     0x0000000008000000      0x10c
                0x0000000008000000                . = ALIGN (0x4)
 *(.isr_vector)
 .isr_vector    0x0000000008000000      0x10c Core/Startup/startup_stm32f103c8tx.o
                0x0000000008000000                g_pfnVectors
                0x000000000800010c                . = ALIGN (0x4)

.text           0x000000000800010c     0x7e28
                0x000000000800010c                . = ALIGN (0x4)
 *(.text)
 .text          0x000000000800010c       0x40 c:/st/stm32cubeide_1.6.0/stm32cubeide/plugins/com.st.stm32cube.ide.mcu.externaltools.gnu-tools-for-stm32.9-2020-q2-update.win32_1.5.0.202011040924/tools/bin/../lib/gcc/arm-none-eabi/9.3.1/thumb/v7-m/nofp/crtbegin.o
 *(.text*)
 .text.main     0x000000000800014c       0xf8 Core/Src/main.o
                0x000000000800014c                main
 .text.SystemClock_Config
                0x0000000008000244       0xb6 Core/Src/main.o
                0x0000000008000244                SystemClock_Config
 *fill*         0x00000000080002fa        0x2 
 .text.MX_GPIO_Init
                0x00000000080002fc       0xcc Core/Src/main.o
 .text.UartPrintf
                0x00000000080003c8       0x3e Core/Src/main.o
                0x00000000080003c8                UartPrintf
 *fill*         0x0000000008000406        0x2 
 .text.PushButton_Read
                0x0000000008000408       0x20 Core/Src/main.o
                0x0000000008000408                PushButton_Read
 .text.SysTick_Handler_1ms
                0x0000000008000428        0xc Core/Src/main.o
                0x0000000008000428                SysTick_Handler_1ms
 .text.SysTick_Handler_5ms
                0x0000000008000434       0x30 Core/Src/main.o
                0x0000000008000434                SysTick_Handler_5ms
 .text.Error_Handler
                0x0000000008000464        0xa Core/Src/main.o
                0x0000000008000464                Error_Handler
 *fill*         0x000000000800046e        0x2 
 .text.HAL_MspInit
                0x0000000008000470       0x64 Core/Src/stm32f1xx_hal_msp.o
                0x0000000008000470                HAL_MspInit
 .text.NMI_Handler
                0x00000000080004d4        0x6 Core/Src/stm32f1xx_it.o
                0x00000000080004d4                NMI_Handler
 .text.HardFault_Handler
                0x00000000080004da        0x6 Core/Src/stm32f1xx_it.o
                0x00000000080004da                HardFault_Handler
 .text.MemManage_Handler
                0x00000000080004e0        0x6 Core/Src/stm32f1xx_it.o
                0x00000000080004e0                MemManage_Handler
 .text.BusFault_Handler
                0x00000000080004e6        0x6 Core/Src/stm32f1xx_it.o
                0x00000000080004e6                BusFault_Handler
 .text.UsageFault_Handler
                0x00000000080004ec        0x6 Core/Src/stm32f1xx_it.o
                0x00000000080004ec                UsageFault_Handler
 .text.SVC_Handler
                0x00000000080004f2        0xc Core/Src/stm32f1xx_it.o
                0x00000000080004f2                SVC_Handler
 .text.DebugMon_Handler
                0x00000000080004fe        0xc Core/Src/stm32f1xx_it.o
                0x00000000080004fe                DebugMon_Handler
 .text.PendSV_Handler
                0x000000000800050a        0xc Core/Src/stm32f1xx_it.o
                0x000000000800050a                PendSV_Handler
 *fill*         0x0000000008000516        0x2 
 .text.SysTick_Handler
                0x0000000008000518       0x2c Core/Src/stm32f1xx_it.o
                0x0000000008000518                SysTick_Handler
 .text.USB_LP_CAN1_RX0_IRQHandler
                0x0000000008000544       0x14 Core/Src/stm32f1xx_it.o
                0x0000000008000544                USB_LP_CAN1_RX0_IRQHandler
 .text._sbrk    0x0000000008000558       0x6c Core/Src/sysmem.o
                0x0000000008000558                _sbrk
 .text.SystemInit
                0x00000000080005c4        0xc Core/Src/system_stm32f1xx.o
                0x00000000080005c4                SystemInit
 .text.Reset_Handler
                0x00000000080005d0       0x48 Core/Startup/startup_stm32f103c8tx.o
                0x00000000080005d0                Reset_Handler
 .text.Default_Handler
                0x0000000008000618        0x2 Core/Startup/startup_stm32f103c8tx.o
                0x0000000008000618                RTC_Alarm_IRQHandler
                0x0000000008000618                EXTI2_IRQHandler
                0x0000000008000618                TIM1_CC_IRQHandler
                0x0000000008000618                PVD_IRQHandler
                0x0000000008000618                EXTI3_IRQHandler
                0x0000000008000618                EXTI0_IRQHandler
                0x0000000008000618                I2C2_EV_IRQHandler
                0x0000000008000618                ADC1_2_IRQHandler
                0x0000000008000618                SPI1_IRQHandler
                0x0000000008000618                TAMPER_IRQHandler
                0x0000000008000618                DMA1_Channel4_IRQHandler
                0x0000000008000618                USART3_IRQHandler
                0x0000000008000618                RTC_IRQHandler
                0x0000000008000618                DMA1_Channel7_IRQHandler
                0x0000000008000618                CAN1_RX1_IRQHandler
                0x0000000008000618                TIM4_IRQHandler
                0x0000000008000618                I2C1_EV_IRQHandler
                0x0000000008000618                DMA1_Channel6_IRQHandler
                0x0000000008000618                TIM3_IRQHandler
                0x0000000008000618                RCC_IRQHandler
                0x0000000008000618                TIM1_TRG_COM_IRQHandler
                0x0000000008000618                DMA1_Channel1_IRQHandler
                0x0000000008000618                Default_Handler
                0x0000000008000618                EXTI15_10_IRQHandler
                0x0000000008000618                EXTI9_5_IRQHandler
                0x0000000008000618                SPI2_IRQHandler
                0x0000000008000618                DMA1_Channel5_IRQHandler
                0x0000000008000618                EXTI4_IRQHandler
                0x0000000008000618                USB_HP_CAN1_TX_IRQHandler
                0x0000000008000618                DMA1_Channel3_IRQHandler
                0x0000000008000618                TIM1_UP_IRQHandler
                0x0000000008000618                WWDG_IRQHandler
                0x0000000008000618                TIM2_IRQHandler
                0x0000000008000618                TIM1_BRK_IRQHandler
                0x0000000008000618                EXTI1_IRQHandler
                0x0000000008000618                USART2_IRQHandler
                0x0000000008000618                I2C2_ER_IRQHandler
                0x0000000008000618                DMA1_Channel2_IRQHandler
                0x0000000008000618                CAN1_SCE_IRQHandler
                0x0000000008000618                FLASH_IRQHandler
                0x0000000008000618                USART1_IRQHandler
                0x0000000008000618                I2C1_ER_IRQHandler
                0x0000000008000618                USBWakeUp_IRQHandler
 *fill*         0x000000000800061a        0x2 
 .text.HAL_Init
                0x000000000800061c       0x2c Drivers/STM32F1xx_HAL_Driver/Src/stm32f1xx_hal.o
                0x000000000800061c                HAL_Init
 .text.HAL_InitTick
                0x0000000008000648       0x60 Drivers/STM32F1xx_HAL_Driver/Src/stm32f1xx_hal.o
                0x0000000008000648                HAL_InitTick
 .text.HAL_IncTick
                0x00000000080006a8       0x24 Drivers/STM32F1xx_HAL_Driver/Src/stm32f1xx_hal.o
                0x00000000080006a8                HAL_IncTick
 .text.HAL_GetTick
                0x00000000080006cc       0x14 Drivers/STM32F1xx_HAL_Driver/Src/stm32f1xx_hal.o
                0x00000000080006cc                HAL_GetTick
 .text.HAL_Delay
                0x00000000080006e0       0x48 Drivers/STM32F1xx_HAL_Driver/Src/stm32f1xx_hal.o
                0x00000000080006e0                HAL_Delay
 .text.__NVIC_SetPriorityGrouping
                0x0000000008000728       0x48 Drivers/STM32F1xx_HAL_Driver/Src/stm32f1xx_hal_cortex.o
 .text.__NVIC_GetPriorityGrouping
                0x0000000008000770       0x1c Drivers/STM32F1xx_HAL_Driver/Src/stm32f1xx_hal_cortex.o
 .text.__NVIC_EnableIRQ
                0x000000000800078c       0x38 Drivers/STM32F1xx_HAL_Driver/Src/stm32f1xx_hal_cortex.o
 .text.__NVIC_SetPriority
                0x00000000080007c4       0x54 Drivers/STM32F1xx_HAL_Driver/Src/stm32f1xx_hal_cortex.o
 .text.NVIC_EncodePriority
                0x0000000008000818       0x64 Drivers/STM32F1xx_HAL_Driver/Src/stm32f1xx_hal_cortex.o
 .text.SysTick_Config
                0x000000000800087c       0x44 Drivers/STM32F1xx_HAL_Driver/Src/stm32f1xx_hal_cortex.o
 .text.HAL_NVIC_SetPriorityGrouping
                0x00000000080008c0       0x16 Drivers/STM32F1xx_HAL_Driver/Src/stm32f1xx_hal_cortex.o
                0x00000000080008c0                HAL_NVIC_SetPriorityGrouping
 .text.HAL_NVIC_SetPriority
                0x00000000080008d6       0x38 Drivers/STM32F1xx_HAL_Driver/Src/stm32f1xx_hal_cortex.o
                0x00000000080008d6                HAL_NVIC_SetPriority
 .text.HAL_NVIC_EnableIRQ
                0x000000000800090e       0x1c Drivers/STM32F1xx_HAL_Driver/Src/stm32f1xx_hal_cortex.o
                0x000000000800090e                HAL_NVIC_EnableIRQ
 .text.HAL_SYSTICK_Config
                0x000000000800092a       0x18 Drivers/STM32F1xx_HAL_Driver/Src/stm32f1xx_hal_cortex.o
                0x000000000800092a                HAL_SYSTICK_Config
 *fill*         0x0000000008000942        0x2 
 .text.HAL_GPIO_Init
                0x0000000008000944      0x308 Drivers/STM32F1xx_HAL_Driver/Src/stm32f1xx_hal_gpio.o
                0x0000000008000944                HAL_GPIO_Init
 .text.HAL_GPIO_ReadPin
                0x0000000008000c4c       0x2e Drivers/STM32F1xx_HAL_Driver/Src/stm32f1xx_hal_gpio.o
                0x0000000008000c4c                HAL_GPIO_ReadPin
 .text.HAL_GPIO_WritePin
                0x0000000008000c7a       0x30 Drivers/STM32F1xx_HAL_Driver/Src/stm32f1xx_hal_gpio.o
                0x0000000008000c7a                HAL_GPIO_WritePin
 .text.HAL_GPIO_TogglePin
                0x0000000008000caa       0x32 Drivers/STM32F1xx_HAL_Driver/Src/stm32f1xx_hal_gpio.o
                0x0000000008000caa                HAL_GPIO_TogglePin
 .text.HAL_PCD_Init
                0x0000000008000cdc      0x216 Drivers/STM32F1xx_HAL_Driver/Src/stm32f1xx_hal_pcd.o
                0x0000000008000cdc                HAL_PCD_Init
 .text.HAL_PCD_Start
                0x0000000008000ef2       0x4c Drivers/STM32F1xx_HAL_Driver/Src/stm32f1xx_hal_pcd.o
                0x0000000008000ef2                HAL_PCD_Start
 .text.HAL_PCD_IRQHandler
                0x0000000008000f3e      0x2aa Drivers/STM32F1xx_HAL_Driver/Src/stm32f1xx_hal_pcd.o
                0x0000000008000f3e                HAL_PCD_IRQHandler
 .text.HAL_PCD_SetAddress
                0x00000000080011e8       0x4a Drivers/STM32F1xx_HAL_Driver/Src/stm32f1xx_hal_pcd.o
                0x00000000080011e8                HAL_PCD_SetAddress
 .text.HAL_PCD_EP_Open
                0x0000000008001232       0xcc Drivers/STM32F1xx_HAL_Driver/Src/stm32f1xx_hal_pcd.o
                0x0000000008001232                HAL_PCD_EP_Open
 .text.HAL_PCD_EP_Close
                0x00000000080012fe       0x90 Drivers/STM32F1xx_HAL_Driver/Src/stm32f1xx_hal_pcd.o
                0x00000000080012fe                HAL_PCD_EP_Close
 .text.HAL_PCD_EP_Receive
                0x000000000800138e       0x7a Drivers/STM32F1xx_HAL_Driver/Src/stm32f1xx_hal_pcd.o
                0x000000000800138e                HAL_PCD_EP_Receive
 .text.HAL_PCD_EP_GetRxCount
                0x0000000008001408       0x2e Drivers/STM32F1xx_HAL_Driver/Src/stm32f1xx_hal_pcd.o
                0x0000000008001408                HAL_PCD_EP_GetRxCount
 .text.HAL_PCD_EP_Transmit
                0x0000000008001436       0x86 Drivers/STM32F1xx_HAL_Driver/Src/stm32f1xx_hal_pcd.o
                0x0000000008001436                HAL_PCD_EP_Transmit
 .text.HAL_PCD_EP_SetStall
                0x00000000080014bc       0xc0 Drivers/STM32F1xx_HAL_Driver/Src/stm32f1xx_hal_pcd.o
                0x00000000080014bc                HAL_PCD_EP_SetStall
 .text.HAL_PCD_EP_ClrStall
                0x000000000800157c       0xa8 Drivers/STM32F1xx_HAL_Driver/Src/stm32f1xx_hal_pcd.o
                0x000000000800157c                HAL_PCD_EP_ClrStall
 .text.PCD_EP_ISR_Handler
                0x0000000008001624      0x5e6 Drivers/STM32F1xx_HAL_Driver/Src/stm32f1xx_hal_pcd.o
 .text.HAL_PCD_EP_DB_Receive
                0x0000000008001c0a      0x21a Drivers/STM32F1xx_HAL_Driver/Src/stm32f1xx_hal_pcd.o
 .text.HAL_PCD_EP_DB_Transmit
                0x0000000008001e24      0x556 Drivers/STM32F1xx_HAL_Driver/Src/stm32f1xx_hal_pcd.o
 .text.HAL_PCDEx_PMAConfig
                0x000000000800237a       0x84 Drivers/STM32F1xx_HAL_Driver/Src/stm32f1xx_hal_pcd_ex.o
                0x000000000800237a                HAL_PCDEx_PMAConfig
 *fill*         0x00000000080023fe        0x2 
 .text.HAL_RCC_OscConfig
                0x0000000008002400      0x500 Drivers/STM32F1xx_HAL_Driver/Src/stm32f1xx_hal_rcc.o
                0x0000000008002400                HAL_RCC_OscConfig
 .text.HAL_RCC_ClockConfig
                0x0000000008002900      0x1d4 Drivers/STM32F1xx_HAL_Driver/Src/stm32f1xx_hal_rcc.o
                0x0000000008002900                HAL_RCC_ClockConfig
 .text.HAL_RCC_GetSysClockFreq
                0x0000000008002ad4       0xc0 Drivers/STM32F1xx_HAL_Driver/Src/stm32f1xx_hal_rcc.o
                0x0000000008002ad4                HAL_RCC_GetSysClockFreq
 .text.RCC_Delay
                0x0000000008002b94       0x3c Drivers/STM32F1xx_HAL_Driver/Src/stm32f1xx_hal_rcc.o
 .text.HAL_RCCEx_PeriphCLKConfig
                0x0000000008002bd0      0x16c Drivers/STM32F1xx_HAL_Driver/Src/stm32f1xx_hal_rcc_ex.o
                0x0000000008002bd0                HAL_RCCEx_PeriphCLKConfig
 .text.USB_CoreInit
                0x0000000008002d3c       0x20 Drivers/STM32F1xx_HAL_Driver/Src/stm32f1xx_ll_usb.o
                0x0000000008002d3c                USB_CoreInit
 .text.USB_EnableGlobalInt
                0x0000000008002d5c       0x2c Drivers/STM32F1xx_HAL_Driver/Src/stm32f1xx_ll_usb.o
                0x0000000008002d5c                USB_EnableGlobalInt
 .text.USB_DisableGlobalInt
                0x0000000008002d88       0x34 Drivers/STM32F1xx_HAL_Driver/Src/stm32f1xx_ll_usb.o
                0x0000000008002d88                USB_DisableGlobalInt
 .text.USB_SetCurrentMode
                0x0000000008002dbc       0x18 Drivers/STM32F1xx_HAL_Driver/Src/stm32f1xx_ll_usb.o
                0x0000000008002dbc                USB_SetCurrentMode
 .text.USB_DevInit
                0x0000000008002dd4       0x40 Drivers/STM32F1xx_HAL_Driver/Src/stm32f1xx_ll_usb.o
                0x0000000008002dd4                USB_DevInit
 .text.USB_ActivateEndpoint
                0x0000000008002e14      0x6d4 Drivers/STM32F1xx_HAL_Driver/Src/stm32f1xx_ll_usb.o
                0x0000000008002e14                USB_ActivateEndpoint
 .text.USB_DeactivateEndpoint
                0x00000000080034e8      0x3d8 Drivers/STM32F1xx_HAL_Driver/Src/stm32f1xx_ll_usb.o
                0x00000000080034e8                USB_DeactivateEndpoint
 .text.USB_EPStartXfer
                0x00000000080038c0     0x1240 Drivers/STM32F1xx_HAL_Driver/Src/stm32f1xx_ll_usb.o
                0x00000000080038c0                USB_EPStartXfer
 .text.USB_EPSetStall
                0x0000000008004b00       0xa0 Drivers/STM32F1xx_HAL_Driver/Src/stm32f1xx_ll_usb.o
                0x0000000008004b00                USB_EPSetStall
 .text.USB_EPClearStall
                0x0000000008004ba0      0x15a Drivers/STM32F1xx_HAL_Driver/Src/stm32f1xx_ll_usb.o
                0x0000000008004ba0                USB_EPClearStall
 .text.USB_SetDevAddress
                0x0000000008004cfa       0x26 Drivers/STM32F1xx_HAL_Driver/Src/stm32f1xx_ll_usb.o
                0x0000000008004cfa                USB_SetDevAddress
 .text.USB_DevConnect
                0x0000000008004d20       0x14 Drivers/STM32F1xx_HAL_Driver/Src/stm32f1xx_ll_usb.o
                0x0000000008004d20                USB_DevConnect
 .text.USB_DevDisconnect
                0x0000000008004d34       0x14 Drivers/STM32F1xx_HAL_Driver/Src/stm32f1xx_ll_usb.o
                0x0000000008004d34                USB_DevDisconnect
 .text.USB_ReadInterrupts
                0x0000000008004d48       0x1e Drivers/STM32F1xx_HAL_Driver/Src/stm32f1xx_ll_usb.o
                0x0000000008004d48                USB_ReadInterrupts
 .text.USB_EP0_OutStart
                0x0000000008004d66       0x16 Drivers/STM32F1xx_HAL_Driver/Src/stm32f1xx_ll_usb.o
                0x0000000008004d66                USB_EP0_OutStart
 .text.USB_WritePMA
                0x0000000008004d7c       0x8a Drivers/STM32F1xx_HAL_Driver/Src/stm32f1xx_ll_usb.o
                0x0000000008004d7c                USB_WritePMA
 .text.USB_ReadPMA
                0x0000000008004e06       0x9e Drivers/STM32F1xx_HAL_Driver/Src/stm32f1xx_ll_usb.o
                0x0000000008004e06                USB_ReadPMA
 .text.USBD_CDC_Init
                0x0000000008004ea4       0xf4 Middlewares/ST/STM32_USB_Device_Library/Class/CDC/Src/usbd_cdc.o
 .text.USBD_CDC_DeInit
                0x0000000008004f98       0x6e Middlewares/ST/STM32_USB_Device_Library/Class/CDC/Src/usbd_cdc.o
 .text.USBD_CDC_Setup
                0x0000000008005006      0x146 Middlewares/ST/STM32_USB_Device_Library/Class/CDC/Src/usbd_cdc.o
 .text.USBD_CDC_DataIn
                0x000000000800514c       0xa6 Middlewares/ST/STM32_USB_Device_Library/Class/CDC/Src/usbd_cdc.o
 .text.USBD_CDC_DataOut
                0x00000000080051f2       0x56 Middlewares/ST/STM32_USB_Device_Library/Class/CDC/Src/usbd_cdc.o
 .text.USBD_CDC_EP0_RxReady
                0x0000000008005248       0x50 Middlewares/ST/STM32_USB_Device_Library/Class/CDC/Src/usbd_cdc.o
 .text.USBD_CDC_GetFSCfgDesc
                0x0000000008005298       0x20 Middlewares/ST/STM32_USB_Device_Library/Class/CDC/Src/usbd_cdc.o
 .text.USBD_CDC_GetHSCfgDesc
                0x00000000080052b8       0x20 Middlewares/ST/STM32_USB_Device_Library/Class/CDC/Src/usbd_cdc.o
 .text.USBD_CDC_GetOtherSpeedCfgDesc
                0x00000000080052d8       0x20 Middlewares/ST/STM32_USB_Device_Library/Class/CDC/Src/usbd_cdc.o
 .text.USBD_CDC_GetDeviceQualifierDescriptor
                0x00000000080052f8       0x20 Middlewares/ST/STM32_USB_Device_Library/Class/CDC/Src/usbd_cdc.o
                0x00000000080052f8                USBD_CDC_GetDeviceQualifierDescriptor
 .text.USBD_CDC_RegisterInterface
                0x0000000008005318       0x2c Middlewares/ST/STM32_USB_Device_Library/Class/CDC/Src/usbd_cdc.o
                0x0000000008005318                USBD_CDC_RegisterInterface
 .text.USBD_CDC_SetTxBuffer
                0x0000000008005344       0x32 Middlewares/ST/STM32_USB_Device_Library/Class/CDC/Src/usbd_cdc.o
                0x0000000008005344                USBD_CDC_SetTxBuffer
 .text.USBD_CDC_SetRxBuffer
                0x0000000008005376       0x26 Middlewares/ST/STM32_USB_Device_Library/Class/CDC/Src/usbd_cdc.o
                0x0000000008005376                USBD_CDC_SetRxBuffer
 .text.USBD_CDC_TransmitPacket
                0x000000000800539c       0x5e Middlewares/ST/STM32_USB_Device_Library/Class/CDC/Src/usbd_cdc.o
                0x000000000800539c                USBD_CDC_TransmitPacket
 .text.USBD_CDC_ReceivePacket
                0x00000000080053fa       0x54 Middlewares/ST/STM32_USB_Device_Library/Class/CDC/Src/usbd_cdc.o
                0x00000000080053fa                USBD_CDC_ReceivePacket
 .text.USBD_Init
                0x000000000800544e       0x56 Middlewares/ST/STM32_USB_Device_Library/Core/Src/usbd_core.o
                0x000000000800544e                USBD_Init
 .text.USBD_RegisterClass
                0x00000000080054a4       0x32 Middlewares/ST/STM32_USB_Device_Library/Core/Src/usbd_core.o
                0x00000000080054a4                USBD_RegisterClass
 .text.USBD_Start
                0x00000000080054d6       0x18 Middlewares/ST/STM32_USB_Device_Library/Core/Src/usbd_core.o
                0x00000000080054d6                USBD_Start
 .text.USBD_RunTestMode
                0x00000000080054ee       0x14 Middlewares/ST/STM32_USB_Device_Library/Core/Src/usbd_core.o
                0x00000000080054ee                USBD_RunTestMode
 .text.USBD_SetClassConfig
                0x0000000008005502       0x3e Middlewares/ST/STM32_USB_Device_Library/Core/Src/usbd_core.o
                0x0000000008005502                USBD_SetClassConfig
 .text.USBD_ClrClassConfig
                0x0000000008005540       0x26 Middlewares/ST/STM32_USB_Device_Library/Core/Src/usbd_core.o
                0x0000000008005540                USBD_ClrClassConfig
 .text.USBD_LL_SetupStage
                0x0000000008005566       0x9a Middlewares/ST/STM32_USB_Device_Library/Core/Src/usbd_core.o
                0x0000000008005566                USBD_LL_SetupStage
 .text.USBD_LL_DataOutStage
                0x0000000008005600       0xe2 Middlewares/ST/STM32_USB_Device_Library/Core/Src/usbd_core.o
                0x0000000008005600                USBD_LL_DataOutStage
 .text.USBD_LL_DataInStage
                0x00000000080056e2      0x14a Middlewares/ST/STM32_USB_Device_Library/Core/Src/usbd_core.o
                0x00000000080056e2                USBD_LL_DataInStage
 .text.USBD_LL_Reset
                0x000000000800582c       0x82 Middlewares/ST/STM32_USB_Device_Library/Core/Src/usbd_core.o
                0x000000000800582c                USBD_LL_Reset
 .text.USBD_LL_SetSpeed
                0x00000000080058ae       0x1e Middlewares/ST/STM32_USB_Device_Library/Core/Src/usbd_core.o
                0x00000000080058ae                USBD_LL_SetSpeed
 .text.USBD_LL_Suspend
                0x00000000080058cc       0x28 Middlewares/ST/STM32_USB_Device_Library/Core/Src/usbd_core.o
                0x00000000080058cc                USBD_LL_Suspend
 .text.USBD_LL_Resume
                0x00000000080058f4       0x2a Middlewares/ST/STM32_USB_Device_Library/Core/Src/usbd_core.o
                0x00000000080058f4                USBD_LL_Resume
 .text.USBD_LL_SOF
                0x000000000800591e       0x34 Middlewares/ST/STM32_USB_Device_Library/Core/Src/usbd_core.o
                0x000000000800591e                USBD_LL_SOF
 *fill*         0x0000000008005952        0x2 
 .text.USBD_StdDevReq
                0x0000000008005954       0xd4 Middlewares/ST/STM32_USB_Device_Library/Core/Src/usbd_ctlreq.o
                0x0000000008005954                USBD_StdDevReq
 .text.USBD_StdItfReq
                0x0000000008005a28       0x90 Middlewares/ST/STM32_USB_Device_Library/Core/Src/usbd_ctlreq.o
                0x0000000008005a28                USBD_StdItfReq
 .text.USBD_StdEPReq
                0x0000000008005ab8      0x2c6 Middlewares/ST/STM32_USB_Device_Library/Core/Src/usbd_ctlreq.o
                0x0000000008005ab8                USBD_StdEPReq
 *fill*         0x0000000008005d7e        0x2 
 .text.USBD_GetDescriptor
                0x0000000008005d80      0x2d0 Middlewares/ST/STM32_USB_Device_Library/Core/Src/usbd_ctlreq.o
 .text.USBD_SetAddress
                0x0000000008006050       0x86 Middlewares/ST/STM32_USB_Device_Library/Core/Src/usbd_ctlreq.o
 *fill*         0x00000000080060d6        0x2 
 .text.USBD_SetConfig
                0x00000000080060d8      0x11c Middlewares/ST/STM32_USB_Device_Library/Core/Src/usbd_ctlreq.o
 .text.USBD_GetConfig
                0x00000000080061f4       0x6a Middlewares/ST/STM32_USB_Device_Library/Core/Src/usbd_ctlreq.o
 .text.USBD_GetStatus
                0x000000000800625e       0x66 Middlewares/ST/STM32_USB_Device_Library/Core/Src/usbd_ctlreq.o
 .text.USBD_SetFeature
                0x00000000080062c4       0x28 Middlewares/ST/STM32_USB_Device_Library/Core/Src/usbd_ctlreq.o
 .text.USBD_ClrFeature
                0x00000000080062ec       0x42 Middlewares/ST/STM32_USB_Device_Library/Core/Src/usbd_ctlreq.o
 .text.USBD_ParseSetupRequest
                0x000000000800632e       0x78 Middlewares/ST/STM32_USB_Device_Library/Core/Src/usbd_ctlreq.o
                0x000000000800632e                USBD_ParseSetupRequest
 .text.USBD_CtlError
                0x00000000080063a6       0x22 Middlewares/ST/STM32_USB_Device_Library/Core/Src/usbd_ctlreq.o
                0x00000000080063a6                USBD_CtlError
 .text.USBD_GetString
                0x00000000080063c8       0x84 Middlewares/ST/STM32_USB_Device_Library/Core/Src/usbd_ctlreq.o
                0x00000000080063c8                USBD_GetString
 .text.USBD_GetLen
                0x000000000800644c       0x2e Middlewares/ST/STM32_USB_Device_Library/Core/Src/usbd_ctlreq.o
 .text.USBD_CtlSendData
                0x000000000800647a       0x38 Middlewares/ST/STM32_USB_Device_Library/Core/Src/usbd_ioreq.o
                0x000000000800647a                USBD_CtlSendData
 .text.USBD_CtlContinueSendData
                0x00000000080064b2       0x24 Middlewares/ST/STM32_USB_Device_Library/Core/Src/usbd_ioreq.o
                0x00000000080064b2                USBD_CtlContinueSendData
 .text.USBD_CtlPrepareRx
                0x00000000080064d6       0x3c Middlewares/ST/STM32_USB_Device_Library/Core/Src/usbd_ioreq.o
                0x00000000080064d6                USBD_CtlPrepareRx
 .text.USBD_CtlContinueRx
                0x0000000008006512       0x24 Middlewares/ST/STM32_USB_Device_Library/Core/Src/usbd_ioreq.o
                0x0000000008006512                USBD_CtlContinueRx
 .text.USBD_CtlSendStatus
                0x0000000008006536       0x26 Middlewares/ST/STM32_USB_Device_Library/Core/Src/usbd_ioreq.o
                0x0000000008006536                USBD_CtlSendStatus
 .text.USBD_CtlReceiveStatus
                0x000000000800655c       0x26 Middlewares/ST/STM32_USB_Device_Library/Core/Src/usbd_ioreq.o
                0x000000000800655c                USBD_CtlReceiveStatus
 *fill*         0x0000000008006582        0x2 
 .text.Evt_EnQueue
                0x0000000008006584       0x78 USB_DEVICE/App/EvtQueue.o
                0x0000000008006584                Evt_EnQueue
 .text.Evt_DeQueue
                0x00000000080065fc       0x88 USB_DEVICE/App/EvtQueue.o
                0x00000000080065fc                Evt_DeQueue
 .text.PushButton_Init
                0x0000000008006684       0x60 USB_DEVICE/App/PushButton.o
                0x0000000008006684                PushButton_Init
 .text.PushButton_SetMode
                0x00000000080066e4       0x68 USB_DEVICE/App/PushButton.o
                0x00000000080066e4                PushButton_SetMode
 .text.PushButton_ClearLog
                0x000000000800674c       0x38 USB_DEVICE/App/PushButton.o
 .text.PushButton_Routine
                0x0000000008006784      0x250 USB_DEVICE/App/PushButton.o
 .text.UsrTimer_Enable
                0x00000000080069d4       0x20 USB_DEVICE/App/UsrTimer.o
                0x00000000080069d4                UsrTimer_Enable
 .text.UsrTimer_Set
                0x00000000080069f4       0xc8 USB_DEVICE/App/UsrTimer.o
                0x00000000080069f4                UsrTimer_Set
 .text.UsrTimer_Clear
                0x0000000008006abc       0x80 USB_DEVICE/App/UsrTimer.o
                0x0000000008006abc                UsrTimer_Clear
 .text.UsrTimer_Routine
                0x0000000008006b3c      0x188 USB_DEVICE/App/UsrTimer.o
                0x0000000008006b3c                UsrTimer_Routine
 .text.MX_USB_DEVICE_Init
                0x0000000008006cc4       0x60 USB_DEVICE/App/usb_device.o
                0x0000000008006cc4                MX_USB_DEVICE_Init
 .text.CDC_Init_FS
                0x0000000008006d24       0x28 USB_DEVICE/App/usbd_cdc_if.o
 .text.CDC_DeInit_FS
                0x0000000008006d4c        0xe USB_DEVICE/App/usbd_cdc_if.o
 *fill*         0x0000000008006d5a        0x2 
 .text.CDC_Control_FS
                0x0000000008006d5c       0xbc USB_DEVICE/App/usbd_cdc_if.o
 .text.CDC_Receive_FS
                0x0000000008006e18       0x70 USB_DEVICE/App/usbd_cdc_if.o
 .text.CDC_Transmit_FS
                0x0000000008006e88       0x4c USB_DEVICE/App/usbd_cdc_if.o
                0x0000000008006e88                CDC_Transmit_FS
 .text.USBD_FS_DeviceDescriptor
                0x0000000008006ed4       0x24 USB_DEVICE/App/usbd_desc.o
                0x0000000008006ed4                USBD_FS_DeviceDescriptor
 .text.USBD_FS_LangIDStrDescriptor
                0x0000000008006ef8       0x24 USB_DEVICE/App/usbd_desc.o
                0x0000000008006ef8                USBD_FS_LangIDStrDescriptor
 .text.USBD_FS_ProductStrDescriptor
                0x0000000008006f1c       0x3c USB_DEVICE/App/usbd_desc.o
                0x0000000008006f1c                USBD_FS_ProductStrDescriptor
 .text.USBD_FS_ManufacturerStrDescriptor
                0x0000000008006f58       0x28 USB_DEVICE/App/usbd_desc.o
                0x0000000008006f58                USBD_FS_ManufacturerStrDescriptor
 .text.USBD_FS_SerialStrDescriptor
                0x0000000008006f80       0x24 USB_DEVICE/App/usbd_desc.o
                0x0000000008006f80                USBD_FS_SerialStrDescriptor
 .text.USBD_FS_ConfigStrDescriptor
                0x0000000008006fa4       0x3c USB_DEVICE/App/usbd_desc.o
                0x0000000008006fa4                USBD_FS_ConfigStrDescriptor
 .text.USBD_FS_InterfaceStrDescriptor
                0x0000000008006fe0       0x3c USB_DEVICE/App/usbd_desc.o
                0x0000000008006fe0                USBD_FS_InterfaceStrDescriptor
 .text.Get_SerialNum
                0x000000000800701c       0x58 USB_DEVICE/App/usbd_desc.o
 .text.IntToUnicode
                0x0000000008007074       0x7c USB_DEVICE/App/usbd_desc.o
 .text.HAL_PCD_MspInit
                0x00000000080070f0       0x4c USB_DEVICE/Target/usbd_conf.o
                0x00000000080070f0                HAL_PCD_MspInit
 .text.HAL_PCD_SetupStageCallback
                0x000000000800713c       0x24 USB_DEVICE/Target/usbd_conf.o
                0x000000000800713c                HAL_PCD_SetupStageCallback
 .text.HAL_PCD_DataOutStageCallback
                0x0000000008007160       0x36 USB_DEVICE/Target/usbd_conf.o
                0x0000000008007160                HAL_PCD_DataOutStageCallback
 .text.HAL_PCD_DataInStageCallback
                0x0000000008007196       0x34 USB_DEVICE/Target/usbd_conf.o
                0x0000000008007196                HAL_PCD_DataInStageCallback
 .text.HAL_PCD_SOFCallback
                0x00000000080071ca       0x1c USB_DEVICE/Target/usbd_conf.o
                0x00000000080071ca                HAL_PCD_SOFCallback
 .text.HAL_PCD_ResetCallback
                0x00000000080071e6       0x3c USB_DEVICE/Target/usbd_conf.o
                0x00000000080071e6                HAL_PCD_ResetCallback
 *fill*         0x0000000008007222        0x2 
 .text.HAL_PCD_SuspendCallback
                0x0000000008007224       0x34 USB_DEVICE/Target/usbd_conf.o
                0x0000000008007224                HAL_PCD_SuspendCallback
 .text.HAL_PCD_ResumeCallback
                0x0000000008007258       0x1c USB_DEVICE/Target/usbd_conf.o
                0x0000000008007258                HAL_PCD_ResumeCallback
 .text.USBD_LL_Init
                0x0000000008007274       0xb4 USB_DEVICE/Target/usbd_conf.o
                0x0000000008007274                USBD_LL_Init
 .text.USBD_LL_Start
                0x0000000008007328       0x36 USB_DEVICE/Target/usbd_conf.o
                0x0000000008007328                USBD_LL_Start
 .text.USBD_LL_OpenEP
                0x000000000800735e       0x4c USB_DEVICE/Target/usbd_conf.o
                0x000000000800735e                USBD_LL_OpenEP
 .text.USBD_LL_CloseEP
                0x00000000080073aa       0x3e USB_DEVICE/Target/usbd_conf.o
                0x00000000080073aa                USBD_LL_CloseEP
 .text.USBD_LL_StallEP
                0x00000000080073e8       0x3e USB_DEVICE/Target/usbd_conf.o
                0x00000000080073e8                USBD_LL_StallEP
 .text.USBD_LL_ClearStallEP
                0x0000000008007426       0x3e USB_DEVICE/Target/usbd_conf.o
                0x0000000008007426                USBD_LL_ClearStallEP
 .text.USBD_LL_IsStallEP
                0x0000000008007464       0x58 USB_DEVICE/Target/usbd_conf.o
                0x0000000008007464                USBD_LL_IsStallEP
 .text.USBD_LL_SetUSBAddress
                0x00000000080074bc       0x3e USB_DEVICE/Target/usbd_conf.o
                0x00000000080074bc                USBD_LL_SetUSBAddress
 .text.USBD_LL_Transmit
                0x00000000080074fa       0x46 USB_DEVICE/Target/usbd_conf.o
                0x00000000080074fa                USBD_LL_Transmit
 .text.USBD_LL_PrepareReceive
                0x0000000008007540       0x46 USB_DEVICE/Target/usbd_conf.o
                0x0000000008007540                USBD_LL_PrepareReceive
 .text.USBD_LL_GetRxDataSize
                0x0000000008007586       0x26 USB_DEVICE/Target/usbd_conf.o
                0x0000000008007586                USBD_LL_GetRxDataSize
 .text.USBD_static_malloc
                0x00000000080075ac       0x18 USB_DEVICE/Target/usbd_conf.o
                0x00000000080075ac                USBD_static_malloc
 .text.USBD_static_free
                0x00000000080075c4       0x12 USB_DEVICE/Target/usbd_conf.o
                0x00000000080075c4                USBD_static_free
 .text.HAL_PCDEx_SetConnectionState
                0x00000000080075d6       0x16 USB_DEVICE/Target/usbd_conf.o
                0x00000000080075d6                HAL_PCDEx_SetConnectionState
 .text.USBD_Get_USB_Status
                0x00000000080075ec       0x58 USB_DEVICE/Target/usbd_conf.o
 .text.__errno  0x0000000008007644        0xc c:/st/stm32cubeide_1.6.0/stm32cubeide/plugins/com.st.stm32cube.ide.mcu.externaltools.gnu-tools-for-stm32.9-2020-q2-update.win32_1.5.0.202011040924/tools/bin/../lib/gcc/arm-none-eabi/9.3.1/../../../../arm-none-eabi/lib/thumb/v7-m/nofp\libc_nano.a(lib_a-errno.o)
                0x0000000008007644                __errno
 .text.__libc_init_array
                0x0000000008007650       0x48 c:/st/stm32cubeide_1.6.0/stm32cubeide/plugins/com.st.stm32cube.ide.mcu.externaltools.gnu-tools-for-stm32.9-2020-q2-update.win32_1.5.0.202011040924/tools/bin/../lib/gcc/arm-none-eabi/9.3.1/../../../../arm-none-eabi/lib/thumb/v7-m/nofp\libc_nano.a(lib_a-init.o)
                0x0000000008007650                __libc_init_array
 .text.memset   0x0000000008007698       0x10 c:/st/stm32cubeide_1.6.0/stm32cubeide/plugins/com.st.stm32cube.ide.mcu.externaltools.gnu-tools-for-stm32.9-2020-q2-update.win32_1.5.0.202011040924/tools/bin/../lib/gcc/arm-none-eabi/9.3.1/../../../../arm-none-eabi/lib/thumb/v7-m/nofp\libc_nano.a(lib_a-memset.o)
                0x0000000008007698                memset
 .text._vsprintf_r
                0x00000000080076a8       0x2c c:/st/stm32cubeide_1.6.0/stm32cubeide/plugins/com.st.stm32cube.ide.mcu.externaltools.gnu-tools-for-stm32.9-2020-q2-update.win32_1.5.0.202011040924/tools/bin/../lib/gcc/arm-none-eabi/9.3.1/../../../../arm-none-eabi/lib/thumb/v7-m/nofp\libc_nano.a(lib_a-vsprintf.o)
                0x00000000080076a8                _vsprintf_r
                0x00000000080076a8                _vsiprintf_r
 .text.vsprintf
                0x00000000080076d4       0x14 c:/st/stm32cubeide_1.6.0/stm32cubeide/plugins/com.st.stm32cube.ide.mcu.externaltools.gnu-tools-for-stm32.9-2020-q2-update.win32_1.5.0.202011040924/tools/bin/../lib/gcc/arm-none-eabi/9.3.1/../../../../arm-none-eabi/lib/thumb/v7-m/nofp\libc_nano.a(lib_a-vsprintf.o)
                0x00000000080076d4                vsiprintf
                0x00000000080076d4                vsprintf
 .text.__ssputs_r
                0x00000000080076e8       0xb6 c:/st/stm32cubeide_1.6.0/stm32cubeide/plugins/com.st.stm32cube.ide.mcu.externaltools.gnu-tools-for-stm32.9-2020-q2-update.win32_1.5.0.202011040924/tools/bin/../lib/gcc/arm-none-eabi/9.3.1/../../../../arm-none-eabi/lib/thumb/v7-m/nofp\libc_nano.a(lib_a-nano-svfprintf.o)
                0x00000000080076e8                __ssputs_r
 *fill*         0x000000000800779e        0x2 
 .text._svfprintf_r
                0x00000000080077a0      0x200 c:/st/stm32cubeide_1.6.0/stm32cubeide/plugins/com.st.stm32cube.ide.mcu.externaltools.gnu-tools-for-stm32.9-2020-q2-update.win32_1.5.0.202011040924/tools/bin/../lib/gcc/arm-none-eabi/9.3.1/../../../../arm-none-eabi/lib/thumb/v7-m/nofp\libc_nano.a(lib_a-nano-svfprintf.o)
                0x00000000080077a0                _svfiprintf_r
                0x00000000080077a0                _svfprintf_r
 .text._printf_common
                0x00000000080079a0       0xde c:/st/stm32cubeide_1.6.0/stm32cubeide/plugins/com.st.stm32cube.ide.mcu.externaltools.gnu-tools-for-stm32.9-2020-q2-update.win32_1.5.0.202011040924/tools/bin/../lib/gcc/arm-none-eabi/9.3.1/../../../../arm-none-eabi/lib/thumb/v7-m/nofp\libc_nano.a(lib_a-nano-vfprintf_i.o)
                0x00000000080079a0                _printf_common
 *fill*         0x0000000008007a7e        0x2 
 .text._printf_i
                0x0000000008007a80      0x24c c:/st/stm32cubeide_1.6.0/stm32cubeide/plugins/com.st.stm32cube.ide.mcu.externaltools.gnu-tools-for-stm32.9-2020-q2-update.win32_1.5.0.202011040924/tools/bin/../lib/gcc/arm-none-eabi/9.3.1/../../../../arm-none-eabi/lib/thumb/v7-m/nofp\libc_nano.a(lib_a-nano-vfprintf_i.o)
                0x0000000008007a80                _printf_i
 .text.memchr   0x0000000008007ccc       0x1c c:/st/stm32cubeide_1.6.0/stm32cubeide/plugins/com.st.stm32cube.ide.mcu.externaltools.gnu-tools-for-stm32.9-2020-q2-update.win32_1.5.0.202011040924/tools/bin/../lib/gcc/arm-none-eabi/9.3.1/../../../../arm-none-eabi/lib/thumb/v7-m/nofp\libc_nano.a(lib_a-memchr-stub.o)
                0x0000000008007ccc                memchr
 .text.memcpy   0x0000000008007ce8       0x1c c:/st/stm32cubeide_1.6.0/stm32cubeide/plugins/com.st.stm32cube.ide.mcu.externaltools.gnu-tools-for-stm32.9-2020-q2-update.win32_1.5.0.202011040924/tools/bin/../lib/gcc/arm-none-eabi/9.3.1/../../../../arm-none-eabi/lib/thumb/v7-m/nofp\libc_nano.a(lib_a-memcpy-stub.o)
                0x0000000008007ce8                memcpy
 .text.memmove  0x0000000008007d04       0x34 c:/st/stm32cubeide_1.6.0/stm32cubeide/plugins/com.st.stm32cube.ide.mcu.externaltools.gnu-tools-for-stm32.9-2020-q2-update.win32_1.5.0.202011040924/tools/bin/../lib/gcc/arm-none-eabi/9.3.1/../../../../arm-none-eabi/lib/thumb/v7-m/nofp\libc_nano.a(lib_a-memmove.o)
                0x0000000008007d04                memmove
 .text._free_r  0x0000000008007d38       0x98 c:/st/stm32cubeide_1.6.0/stm32cubeide/plugins/com.st.stm32cube.ide.mcu.externaltools.gnu-tools-for-stm32.9-2020-q2-update.win32_1.5.0.202011040924/tools/bin/../lib/gcc/arm-none-eabi/9.3.1/../../../../arm-none-eabi/lib/thumb/v7-m/nofp\libc_nano.a(lib_a-nano-freer.o)
                0x0000000008007d38                _free_r
 .text._malloc_r
                0x0000000008007dd0       0xb4 c:/st/stm32cubeide_1.6.0/stm32cubeide/plugins/com.st.stm32cube.ide.mcu.externaltools.gnu-tools-for-stm32.9-2020-q2-update.win32_1.5.0.202011040924/tools/bin/../lib/gcc/arm-none-eabi/9.3.1/../../../../arm-none-eabi/lib/thumb/v7-m/nofp\libc_nano.a(lib_a-nano-mallocr.o)
                0x0000000008007dd0                _malloc_r
 .text._realloc_r
                0x0000000008007e84       0x4c c:/st/stm32cubeide_1.6.0/stm32cubeide/plugins/com.st.stm32cube.ide.mcu.externaltools.gnu-tools-for-stm32.9-2020-q2-update.win32_1.5.0.202011040924/tools/bin/../lib/gcc/arm-none-eabi/9.3.1/../../../../arm-none-eabi/lib/thumb/v7-m/nofp\libc_nano.a(lib_a-nano-reallocr.o)
                0x0000000008007e84                _realloc_r
 .text._sbrk_r  0x0000000008007ed0       0x20 c:/st/stm32cubeide_1.6.0/stm32cubeide/plugins/com.st.stm32cube.ide.mcu.externaltools.gnu-tools-for-stm32.9-2020-q2-update.win32_1.5.0.202011040924/tools/bin/../lib/gcc/arm-none-eabi/9.3.1/../../../../arm-none-eabi/lib/thumb/v7-m/nofp\libc_nano.a(lib_a-sbrkr.o)
                0x0000000008007ed0                _sbrk_r
 .text.__malloc_lock
                0x0000000008007ef0        0xc c:/st/stm32cubeide_1.6.0/stm32cubeide/plugins/com.st.stm32cube.ide.mcu.externaltools.gnu-tools-for-stm32.9-2020-q2-update.win32_1.5.0.202011040924/tools/bin/../lib/gcc/arm-none-eabi/9.3.1/../../../../arm-none-eabi/lib/thumb/v7-m/nofp\libc_nano.a(lib_a-mlock.o)
                0x0000000008007ef0                __malloc_lock
 .text.__malloc_unlock
                0x0000000008007efc        0xc c:/st/stm32cubeide_1.6.0/stm32cubeide/plugins/com.st.stm32cube.ide.mcu.externaltools.gnu-tools-for-stm32.9-2020-q2-update.win32_1.5.0.202011040924/tools/bin/../lib/gcc/arm-none-eabi/9.3.1/../../../../arm-none-eabi/lib/thumb/v7-m/nofp\libc_nano.a(lib_a-mlock.o)
                0x0000000008007efc                __malloc_unlock
 .text._malloc_usable_size_r
                0x0000000008007f08       0x10 c:/st/stm32cubeide_1.6.0/stm32cubeide/plugins/com.st.stm32cube.ide.mcu.externaltools.gnu-tools-for-stm32.9-2020-q2-update.win32_1.5.0.202011040924/tools/bin/../lib/gcc/arm-none-eabi/9.3.1/../../../../arm-none-eabi/lib/thumb/v7-m/nofp\libc_nano.a(lib_a-nano-msizer.o)
                0x0000000008007f08                _malloc_usable_size_r
 .text.__retarget_lock_acquire_recursive
                0x0000000008007f18        0x2 c:/st/stm32cubeide_1.6.0/stm32cubeide/plugins/com.st.stm32cube.ide.mcu.externaltools.gnu-tools-for-stm32.9-2020-q2-update.win32_1.5.0.202011040924/tools/bin/../lib/gcc/arm-none-eabi/9.3.1/../../../../arm-none-eabi/lib/thumb/v7-m/nofp\libc_nano.a(lib_a-lock.o)
                0x0000000008007f18                __retarget_lock_acquire_recursive
 .text.__retarget_lock_release_recursive
                0x0000000008007f1a        0x2 c:/st/stm32cubeide_1.6.0/stm32cubeide/plugins/com.st.stm32cube.ide.mcu.externaltools.gnu-tools-for-stm32.9-2020-q2-update.win32_1.5.0.202011040924/tools/bin/../lib/gcc/arm-none-eabi/9.3.1/../../../../arm-none-eabi/lib/thumb/v7-m/nofp\libc_nano.a(lib_a-lock.o)
                0x0000000008007f1a                __retarget_lock_release_recursive
 *(.glue_7)
 .glue_7        0x0000000008007f1c        0x0 linker stubs
 *(.glue_7t)
 .glue_7t       0x0000000008007f1c        0x0 linker stubs
 *(.eh_frame)
 .eh_frame      0x0000000008007f1c        0x0 c:/st/stm32cubeide_1.6.0/stm32cubeide/plugins/com.st.stm32cube.ide.mcu.externaltools.gnu-tools-for-stm32.9-2020-q2-update.win32_1.5.0.202011040924/tools/bin/../lib/gcc/arm-none-eabi/9.3.1/thumb/v7-m/nofp/crtbegin.o
 *(.init)
 .init          0x0000000008007f1c        0x4 c:/st/stm32cubeide_1.6.0/stm32cubeide/plugins/com.st.stm32cube.ide.mcu.externaltools.gnu-tools-for-stm32.9-2020-q2-update.win32_1.5.0.202011040924/tools/bin/../lib/gcc/arm-none-eabi/9.3.1/thumb/v7-m/nofp/crti.o
                0x0000000008007f1c                _init
 .init          0x0000000008007f20        0x8 c:/st/stm32cubeide_1.6.0/stm32cubeide/plugins/com.st.stm32cube.ide.mcu.externaltools.gnu-tools-for-stm32.9-2020-q2-update.win32_1.5.0.202011040924/tools/bin/../lib/gcc/arm-none-eabi/9.3.1/thumb/v7-m/nofp/crtn.o
 *(.fini)
 .fini          0x0000000008007f28        0x4 c:/st/stm32cubeide_1.6.0/stm32cubeide/plugins/com.st.stm32cube.ide.mcu.externaltools.gnu-tools-for-stm32.9-2020-q2-update.win32_1.5.0.202011040924/tools/bin/../lib/gcc/arm-none-eabi/9.3.1/thumb/v7-m/nofp/crti.o
                0x0000000008007f28                _fini
 .fini          0x0000000008007f2c        0x8 c:/st/stm32cubeide_1.6.0/stm32cubeide/plugins/com.st.stm32cube.ide.mcu.externaltools.gnu-tools-for-stm32.9-2020-q2-update.win32_1.5.0.202011040924/tools/bin/../lib/gcc/arm-none-eabi/9.3.1/thumb/v7-m/nofp/crtn.o
                0x0000000008007f34                . = ALIGN (0x4)
                0x0000000008007f34                _etext = .

.vfp11_veneer   0x0000000008007f34        0x0
 .vfp11_veneer  0x0000000008007f34        0x0 linker stubs

.v4_bx          0x0000000008007f34        0x0
 .v4_bx         0x0000000008007f34        0x0 linker stubs

.iplt           0x0000000008007f34        0x0
 .iplt          0x0000000008007f34        0x0 c:/st/stm32cubeide_1.6.0/stm32cubeide/plugins/com.st.stm32cube.ide.mcu.externaltools.gnu-tools-for-stm32.9-2020-q2-update.win32_1.5.0.202011040924/tools/bin/../lib/gcc/arm-none-eabi/9.3.1/thumb/v7-m/nofp/crtbegin.o

.rodata         0x0000000008007f34      0x1a8
                0x0000000008007f34                . = ALIGN (0x4)
 *(.rodata)
 .rodata        0x0000000008007f34      0x109 Core/Src/main.o
 *fill*         0x000000000800803d        0x3 
 .rodata        0x0000000008008040       0x10 Drivers/STM32F1xx_HAL_Driver/Src/stm32f1xx_hal_rcc.o
 .rodata        0x0000000008008050       0x46 USB_DEVICE/App/usbd_desc.o
 *(.rodata*)
 *fill*         0x0000000008008096        0x2 
 .rodata.AHBPrescTable
                0x0000000008008098       0x10 Core/Src/system_stm32f1xx.o
                0x0000000008008098                AHBPrescTable
 .rodata._svfprintf_r.str1.1
                0x00000000080080a8       0x11 c:/st/stm32cubeide_1.6.0/stm32cubeide/plugins/com.st.stm32cube.ide.mcu.externaltools.gnu-tools-for-stm32.9-2020-q2-update.win32_1.5.0.202011040924/tools/bin/../lib/gcc/arm-none-eabi/9.3.1/../../../../arm-none-eabi/lib/thumb/v7-m/nofp\libc_nano.a(lib_a-nano-svfprintf.o)
 .rodata._printf_i.str1.1
                0x00000000080080b9       0x22 c:/st/stm32cubeide_1.6.0/stm32cubeide/plugins/com.st.stm32cube.ide.mcu.externaltools.gnu-tools-for-stm32.9-2020-q2-update.win32_1.5.0.202011040924/tools/bin/../lib/gcc/arm-none-eabi/9.3.1/../../../../arm-none-eabi/lib/thumb/v7-m/nofp\libc_nano.a(lib_a-nano-vfprintf_i.o)
                0x00000000080080dc                . = ALIGN (0x4)
 *fill*         0x00000000080080db        0x1 

.rel.dyn        0x00000000080080dc        0x0
 .rel.iplt      0x00000000080080dc        0x0 c:/st/stm32cubeide_1.6.0/stm32cubeide/plugins/com.st.stm32cube.ide.mcu.externaltools.gnu-tools-for-stm32.9-2020-q2-update.win32_1.5.0.202011040924/tools/bin/../lib/gcc/arm-none-eabi/9.3.1/thumb/v7-m/nofp/crtbegin.o

.ARM.extab      0x00000000080080dc        0x0
                0x00000000080080dc                . = ALIGN (0x4)
 *(.ARM.extab* .gnu.linkonce.armextab.*)
                0x00000000080080dc                . = ALIGN (0x4)

.ARM            0x00000000080080dc        0x0
                0x00000000080080dc                . = ALIGN (0x4)
                0x00000000080080dc                __exidx_start = .
 *(.ARM.exidx*)
                0x00000000080080dc                __exidx_end = .
                0x00000000080080dc                . = ALIGN (0x4)

.preinit_array  0x00000000080080dc        0x0
                0x00000000080080dc                . = ALIGN (0x4)
                0x00000000080080dc                PROVIDE (__preinit_array_start = .)
 *(.preinit_array*)
                0x00000000080080dc                PROVIDE (__preinit_array_end = .)
                0x00000000080080dc                . = ALIGN (0x4)

.init_array     0x00000000080080dc        0x4
                0x00000000080080dc                . = ALIGN (0x4)
                0x00000000080080dc                PROVIDE (__init_array_start = .)
 *(SORT_BY_NAME(.init_array.*))
 *(.init_array*)
 .init_array    0x00000000080080dc        0x4 c:/st/stm32cubeide_1.6.0/stm32cubeide/plugins/com.st.stm32cube.ide.mcu.externaltools.gnu-tools-for-stm32.9-2020-q2-update.win32_1.5.0.202011040924/tools/bin/../lib/gcc/arm-none-eabi/9.3.1/thumb/v7-m/nofp/crtbegin.o
                0x00000000080080e0                PROVIDE (__init_array_end = .)
                0x00000000080080e0                . = ALIGN (0x4)

.fini_array     0x00000000080080e0        0x4
                0x00000000080080e0                . = ALIGN (0x4)
                [!provide]                        PROVIDE (__fini_array_start = .)
 *(SORT_BY_NAME(.fini_array.*))
 *(.fini_array*)
 .fini_array    0x00000000080080e0        0x4 c:/st/stm32cubeide_1.6.0/stm32cubeide/plugins/com.st.stm32cube.ide.mcu.externaltools.gnu-tools-for-stm32.9-2020-q2-update.win32_1.5.0.202011040924/tools/bin/../lib/gcc/arm-none-eabi/9.3.1/thumb/v7-m/nofp/crtbegin.o
                [!provide]                        PROVIDE (__fini_array_end = .)
                0x00000000080080e4                . = ALIGN (0x4)
                0x00000000080080e4                _sidata = LOADADDR (.data)

.data           0x0000000020000000      0x1e0 load address 0x00000000080080e4
                0x0000000020000000                . = ALIGN (0x4)
                0x0000000020000000                _sdata = .
 *(.data)
 *(.data*)
 .data.SystemCoreClock
                0x0000000020000000        0x4 Core/Src/system_stm32f1xx.o
                0x0000000020000000                SystemCoreClock
 .data.uwTickPrio
                0x0000000020000004        0x4 Drivers/STM32F1xx_HAL_Driver/Src/stm32f1xx_hal.o
                0x0000000020000004                uwTickPrio
 .data.uwTickFreq
                0x0000000020000008        0x1 Drivers/STM32F1xx_HAL_Driver/Src/stm32f1xx_hal.o
                0x0000000020000008                uwTickFreq
 *fill*         0x0000000020000009        0x3 
 .data.USBD_CDC_DeviceQualifierDesc
                0x000000002000000c        0xa Middlewares/ST/STM32_USB_Device_Library/Class/CDC/Src/usbd_cdc.o
 *fill*         0x0000000020000016        0x2 
 .data.USBD_CDC
                0x0000000020000018       0x38 Middlewares/ST/STM32_USB_Device_Library/Class/CDC/Src/usbd_cdc.o
                0x0000000020000018                USBD_CDC
 .data.USBD_CDC_CfgHSDesc
                0x0000000020000050       0x43 Middlewares/ST/STM32_USB_Device_Library/Class/CDC/Src/usbd_cdc.o
                0x0000000020000050                USBD_CDC_CfgHSDesc
 *fill*         0x0000000020000093        0x1 
 .data.USBD_CDC_CfgFSDesc
                0x0000000020000094       0x43 Middlewares/ST/STM32_USB_Device_Library/Class/CDC/Src/usbd_cdc.o
                0x0000000020000094                USBD_CDC_CfgFSDesc
 *fill*         0x00000000200000d7        0x1 
 .data.USBD_CDC_OtherSpeedCfgDesc
                0x00000000200000d8       0x43 Middlewares/ST/STM32_USB_Device_Library/Class/CDC/Src/usbd_cdc.o
                0x00000000200000d8                USBD_CDC_OtherSpeedCfgDesc
 .data.usrtimer_enable
                0x000000002000011b        0x1 USB_DEVICE/App/UsrTimer.o
                0x000000002000011b                usrtimer_enable
 .data.USBD_Interface_fops_FS
                0x000000002000011c       0x10 USB_DEVICE/App/usbd_cdc_if.o
                0x000000002000011c                USBD_Interface_fops_FS
 .data.FS_Desc  0x000000002000012c       0x1c USB_DEVICE/App/usbd_desc.o
                0x000000002000012c                FS_Desc
 .data.USBD_FS_DeviceDesc
                0x0000000020000148       0x12 USB_DEVICE/App/usbd_desc.o
                0x0000000020000148                USBD_FS_DeviceDesc
 *fill*         0x000000002000015a        0x2 
 .data.USBD_LangIDDesc
                0x000000002000015c        0x4 USB_DEVICE/App/usbd_desc.o
                0x000000002000015c                USBD_LangIDDesc
 .data.USBD_StringSerial
                0x0000000020000160       0x1a USB_DEVICE/App/usbd_desc.o
                0x0000000020000160                USBD_StringSerial
 *fill*         0x000000002000017a        0x2 
 .data._impure_ptr
                0x000000002000017c        0x4 c:/st/stm32cubeide_1.6.0/stm32cubeide/plugins/com.st.stm32cube.ide.mcu.externaltools.gnu-tools-for-stm32.9-2020-q2-update.win32_1.5.0.202011040924/tools/bin/../lib/gcc/arm-none-eabi/9.3.1/../../../../arm-none-eabi/lib/thumb/v7-m/nofp\libc_nano.a(lib_a-impure.o)
                0x000000002000017c                _impure_ptr
 .data.impure_data
                0x0000000020000180       0x60 c:/st/stm32cubeide_1.6.0/stm32cubeide/plugins/com.st.stm32cube.ide.mcu.externaltools.gnu-tools-for-stm32.9-2020-q2-update.win32_1.5.0.202011040924/tools/bin/../lib/gcc/arm-none-eabi/9.3.1/../../../../arm-none-eabi/lib/thumb/v7-m/nofp\libc_nano.a(lib_a-impure.o)
 *(.RamFunc)
 *(.RamFunc*)
                0x00000000200001e0                . = ALIGN (0x4)
                0x00000000200001e0                _edata = .

.igot.plt       0x00000000200001e0        0x0 load address 0x00000000080082c4
 .igot.plt      0x00000000200001e0        0x0 c:/st/stm32cubeide_1.6.0/stm32cubeide/plugins/com.st.stm32cube.ide.mcu.externaltools.gnu-tools-for-stm32.9-2020-q2-update.win32_1.5.0.202011040924/tools/bin/../lib/gcc/arm-none-eabi/9.3.1/thumb/v7-m/nofp/crtbegin.o
                0x00000000200001e0                . = ALIGN (0x4)

.bss            0x00000000200001e0     0x1414 load address 0x00000000080082c4
                0x00000000200001e0                _sbss = .
                0x00000000200001e0                __bss_start__ = _sbss
 *(.bss)
 .bss           0x00000000200001e0       0x1c c:/st/stm32cubeide_1.6.0/stm32cubeide/plugins/com.st.stm32cube.ide.mcu.externaltools.gnu-tools-for-stm32.9-2020-q2-update.win32_1.5.0.202011040924/tools/bin/../lib/gcc/arm-none-eabi/9.3.1/thumb/v7-m/nofp/crtbegin.o
 *(.bss*)
 .bss.counter_5ms.7521
                0x00000000200001fc        0x4 Core/Src/main.o
 .bss.tick5x.6803
                0x0000000020000200        0x4 Core/Src/stm32f1xx_it.o
 .bss.__sbrk_heap_end
                0x0000000020000204        0x4 Core/Src/sysmem.o
 .bss.cfgidx.7736
                0x0000000020000208        0x1 Middlewares/ST/STM32_USB_Device_Library/Core/Src/usbd_ctlreq.o
 *fill*         0x0000000020000209        0x3 
 .bss.evt_queue
                0x000000002000020c       0x82 USB_DEVICE/App/EvtQueue.o
 *fill*         0x000000002000028e        0x2 
 .bss.USRTimers
                0x0000000020000290      0x190 USB_DEVICE/App/UsrTimer.o
 .bss.mem.7806  0x0000000020000420      0x220 USB_DEVICE/Target/usbd_conf.o
 .bss.__malloc_free_list
                0x0000000020000640        0x4 c:/st/stm32cubeide_1.6.0/stm32cubeide/plugins/com.st.stm32cube.ide.mcu.externaltools.gnu-tools-for-stm32.9-2020-q2-update.win32_1.5.0.202011040924/tools/bin/../lib/gcc/arm-none-eabi/9.3.1/../../../../arm-none-eabi/lib/thumb/v7-m/nofp\libc_nano.a(lib_a-nano-mallocr.o)
                0x0000000020000640                __malloc_free_list
 .bss.__malloc_sbrk_start
                0x0000000020000644        0x4 c:/st/stm32cubeide_1.6.0/stm32cubeide/plugins/com.st.stm32cube.ide.mcu.externaltools.gnu-tools-for-stm32.9-2020-q2-update.win32_1.5.0.202011040924/tools/bin/../lib/gcc/arm-none-eabi/9.3.1/../../../../arm-none-eabi/lib/thumb/v7-m/nofp\libc_nano.a(lib_a-nano-mallocr.o)
                0x0000000020000644                __malloc_sbrk_start
 *(COMMON)
 COMMON         0x0000000020000648        0x4 Drivers/STM32F1xx_HAL_Driver/Src/stm32f1xx_hal.o
                0x0000000020000648                uwTick
 COMMON         0x000000002000064c       0x15 USB_DEVICE/App/PushButton.o
                0x000000002000064c                pp
 *fill*         0x0000000020000661        0x3 
 COMMON         0x0000000020000664      0x2c4 USB_DEVICE/App/usb_device.o
                0x0000000020000664                hUsbDeviceFS
 COMMON         0x0000000020000928      0x7d0 USB_DEVICE/App/usbd_cdc_if.o
                0x0000000020000928                UserRxBufferFS
                0x0000000020000d10                UserTxBufferFS
 COMMON         0x00000000200010f8      0x200 USB_DEVICE/App/usbd_desc.o
                0x00000000200010f8                USBD_StrDesc
 COMMON         0x00000000200012f8      0x2ec USB_DEVICE/Target/usbd_conf.o
                0x00000000200012f8                hpcd_USB_FS
 COMMON         0x00000000200015e4        0x4 c:/st/stm32cubeide_1.6.0/stm32cubeide/plugins/com.st.stm32cube.ide.mcu.externaltools.gnu-tools-for-stm32.9-2020-q2-update.win32_1.5.0.202011040924/tools/bin/../lib/gcc/arm-none-eabi/9.3.1/../../../../arm-none-eabi/lib/thumb/v7-m/nofp\libc_nano.a(lib_a-reent.o)
                0x00000000200015e4                errno
 COMMON         0x00000000200015e8        0x9 c:/st/stm32cubeide_1.6.0/stm32cubeide/plugins/com.st.stm32cube.ide.mcu.externaltools.gnu-tools-for-stm32.9-2020-q2-update.win32_1.5.0.202011040924/tools/bin/../lib/gcc/arm-none-eabi/9.3.1/../../../../arm-none-eabi/lib/thumb/v7-m/nofp\libc_nano.a(lib_a-lock.o)
                0x00000000200015e8                __lock___atexit_recursive_mutex
                0x00000000200015e9                __lock___arc4random_mutex
                0x00000000200015ea                __lock___env_recursive_mutex
                0x00000000200015eb                __lock___sinit_recursive_mutex
                0x00000000200015ec                __lock___malloc_recursive_mutex
                0x00000000200015ed                __lock___at_quick_exit_mutex
                0x00000000200015ee                __lock___dd_hash_mutex
                0x00000000200015ef                __lock___tz_mutex
                0x00000000200015f0                __lock___sfp_recursive_mutex
                0x00000000200015f4                . = ALIGN (0x4)
 *fill*         0x00000000200015f1        0x3 
                0x00000000200015f4                _ebss = .
                0x00000000200015f4                __bss_end__ = _ebss

._user_heap_stack
                0x00000000200015f4      0x604 load address 0x00000000080082c4
                0x00000000200015f8                . = ALIGN (0x8)
 *fill*         0x00000000200015f4        0x4 
                [!provide]                        PROVIDE (end = .)
                0x00000000200015f8                PROVIDE (_end = .)
                0x00000000200017f8                . = (. + _Min_Heap_Size)
 *fill*         0x00000000200015f8      0x200 
                0x0000000020001bf8                . = (. + _Min_Stack_Size)
 *fill*         0x00000000200017f8      0x400 
                0x0000000020001bf8                . = ALIGN (0x8)

/DISCARD/
 libc.a(*)
 libm.a(*)
 libgcc.a(*)

.ARM.attributes
                0x0000000000000000       0x29
 *(.ARM.attributes)
 .ARM.attributes
                0x0000000000000000       0x1d c:/st/stm32cubeide_1.6.0/stm32cubeide/plugins/com.st.stm32cube.ide.mcu.externaltools.gnu-tools-for-stm32.9-2020-q2-update.win32_1.5.0.202011040924/tools/bin/../lib/gcc/arm-none-eabi/9.3.1/thumb/v7-m/nofp/crti.o
 .ARM.attributes
                0x000000000000001d       0x2d c:/st/stm32cubeide_1.6.0/stm32cubeide/plugins/com.st.stm32cube.ide.mcu.externaltools.gnu-tools-for-stm32.9-2020-q2-update.win32_1.5.0.202011040924/tools/bin/../lib/gcc/arm-none-eabi/9.3.1/thumb/v7-m/nofp/crtbegin.o
 .ARM.attributes
                0x000000000000004a       0x2d Core/Src/main.o
 .ARM.attributes
                0x0000000000000077       0x2d Core/Src/stm32f1xx_hal_msp.o
 .ARM.attributes
                0x00000000000000a4       0x2d Core/Src/stm32f1xx_it.o
 .ARM.attributes
                0x00000000000000d1       0x2d Core/Src/sysmem.o
 .ARM.attributes
                0x00000000000000fe       0x2d Core/Src/system_stm32f1xx.o
 .ARM.attributes
                0x000000000000012b       0x21 Core/Startup/startup_stm32f103c8tx.o
 .ARM.attributes
                0x000000000000014c       0x2d Drivers/STM32F1xx_HAL_Driver/Src/stm32f1xx_hal.o
 .ARM.attributes
                0x0000000000000179       0x2d Drivers/STM32F1xx_HAL_Driver/Src/stm32f1xx_hal_cortex.o
 .ARM.attributes
                0x00000000000001a6       0x2d Drivers/STM32F1xx_HAL_Driver/Src/stm32f1xx_hal_gpio.o
 .ARM.attributes
                0x00000000000001d3       0x2d Drivers/STM32F1xx_HAL_Driver/Src/stm32f1xx_hal_pcd.o
 .ARM.attributes
                0x0000000000000200       0x2d Drivers/STM32F1xx_HAL_Driver/Src/stm32f1xx_hal_pcd_ex.o
 .ARM.attributes
                0x000000000000022d       0x2d Drivers/STM32F1xx_HAL_Driver/Src/stm32f1xx_hal_rcc.o
 .ARM.attributes
                0x000000000000025a       0x2d Drivers/STM32F1xx_HAL_Driver/Src/stm32f1xx_hal_rcc_ex.o
 .ARM.attributes
                0x0000000000000287       0x2d Drivers/STM32F1xx_HAL_Driver/Src/stm32f1xx_ll_usb.o
 .ARM.attributes
                0x00000000000002b4       0x2d Middlewares/ST/STM32_USB_Device_Library/Class/CDC/Src/usbd_cdc.o
 .ARM.attributes
                0x00000000000002e1       0x2d Middlewares/ST/STM32_USB_Device_Library/Core/Src/usbd_core.o
 .ARM.attributes
                0x000000000000030e       0x2d Middlewares/ST/STM32_USB_Device_Library/Core/Src/usbd_ctlreq.o
 .ARM.attributes
                0x000000000000033b       0x2d Middlewares/ST/STM32_USB_Device_Library/Core/Src/usbd_ioreq.o
 .ARM.attributes
                0x0000000000000368       0x2d USB_DEVICE/App/EvtQueue.o
 .ARM.attributes
                0x0000000000000395       0x2d USB_DEVICE/App/PushButton.o
 .ARM.attributes
                0x00000000000003c2       0x2d USB_DEVICE/App/UsrTimer.o
 .ARM.attributes
                0x00000000000003ef       0x2d USB_DEVICE/App/usb_device.o
 .ARM.attributes
                0x000000000000041c       0x2d USB_DEVICE/App/usbd_cdc_if.o
 .ARM.attributes
                0x0000000000000449       0x2d USB_DEVICE/App/usbd_desc.o
 .ARM.attributes
                0x0000000000000476       0x2d USB_DEVICE/Target/usbd_conf.o
 .ARM.attributes
                0x00000000000004a3       0x2d c:/st/stm32cubeide_1.6.0/stm32cubeide/plugins/com.st.stm32cube.ide.mcu.externaltools.gnu-tools-for-stm32.9-2020-q2-update.win32_1.5.0.202011040924/tools/bin/../lib/gcc/arm-none-eabi/9.3.1/../../../../arm-none-eabi/lib/thumb/v7-m/nofp\libc_nano.a(lib_a-errno.o)
 .ARM.attributes
                0x00000000000004d0       0x2d c:/st/stm32cubeide_1.6.0/stm32cubeide/plugins/com.st.stm32cube.ide.mcu.externaltools.gnu-tools-for-stm32.9-2020-q2-update.win32_1.5.0.202011040924/tools/bin/../lib/gcc/arm-none-eabi/9.3.1/../../../../arm-none-eabi/lib/thumb/v7-m/nofp\libc_nano.a(lib_a-impure.o)
 .ARM.attributes
                0x00000000000004fd       0x2d c:/st/stm32cubeide_1.6.0/stm32cubeide/plugins/com.st.stm32cube.ide.mcu.externaltools.gnu-tools-for-stm32.9-2020-q2-update.win32_1.5.0.202011040924/tools/bin/../lib/gcc/arm-none-eabi/9.3.1/../../../../arm-none-eabi/lib/thumb/v7-m/nofp\libc_nano.a(lib_a-init.o)
 .ARM.attributes
                0x000000000000052a       0x2d c:/st/stm32cubeide_1.6.0/stm32cubeide/plugins/com.st.stm32cube.ide.mcu.externaltools.gnu-tools-for-stm32.9-2020-q2-update.win32_1.5.0.202011040924/tools/bin/../lib/gcc/arm-none-eabi/9.3.1/../../../../arm-none-eabi/lib/thumb/v7-m/nofp\libc_nano.a(lib_a-memset.o)
 .ARM.attributes
                0x0000000000000557       0x2d c:/st/stm32cubeide_1.6.0/stm32cubeide/plugins/com.st.stm32cube.ide.mcu.externaltools.gnu-tools-for-stm32.9-2020-q2-update.win32_1.5.0.202011040924/tools/bin/../lib/gcc/arm-none-eabi/9.3.1/../../../../arm-none-eabi/lib/thumb/v7-m/nofp\libc_nano.a(lib_a-vsprintf.o)
 .ARM.attributes
                0x0000000000000584       0x2d c:/st/stm32cubeide_1.6.0/stm32cubeide/plugins/com.st.stm32cube.ide.mcu.externaltools.gnu-tools-for-stm32.9-2020-q2-update.win32_1.5.0.202011040924/tools/bin/../lib/gcc/arm-none-eabi/9.3.1/../../../../arm-none-eabi/lib/thumb/v7-m/nofp\libc_nano.a(lib_a-nano-svfprintf.o)
 .ARM.attributes
                0x00000000000005b1       0x2d c:/st/stm32cubeide_1.6.0/stm32cubeide/plugins/com.st.stm32cube.ide.mcu.externaltools.gnu-tools-for-stm32.9-2020-q2-update.win32_1.5.0.202011040924/tools/bin/../lib/gcc/arm-none-eabi/9.3.1/../../../../arm-none-eabi/lib/thumb/v7-m/nofp\libc_nano.a(lib_a-nano-vfprintf_i.o)
 .ARM.attributes
                0x00000000000005de       0x2d c:/st/stm32cubeide_1.6.0/stm32cubeide/plugins/com.st.stm32cube.ide.mcu.externaltools.gnu-tools-for-stm32.9-2020-q2-update.win32_1.5.0.202011040924/tools/bin/../lib/gcc/arm-none-eabi/9.3.1/../../../../arm-none-eabi/lib/thumb/v7-m/nofp\libc_nano.a(lib_a-memchr-stub.o)
 .ARM.attributes
                0x000000000000060b       0x2d c:/st/stm32cubeide_1.6.0/stm32cubeide/plugins/com.st.stm32cube.ide.mcu.externaltools.gnu-tools-for-stm32.9-2020-q2-update.win32_1.5.0.202011040924/tools/bin/../lib/gcc/arm-none-eabi/9.3.1/../../../../arm-none-eabi/lib/thumb/v7-m/nofp\libc_nano.a(lib_a-memcpy-stub.o)
 .ARM.attributes
                0x0000000000000638       0x2d c:/st/stm32cubeide_1.6.0/stm32cubeide/plugins/com.st.stm32cube.ide.mcu.externaltools.gnu-tools-for-stm32.9-2020-q2-update.win32_1.5.0.202011040924/tools/bin/../lib/gcc/arm-none-eabi/9.3.1/../../../../arm-none-eabi/lib/thumb/v7-m/nofp\libc_nano.a(lib_a-memmove.o)
 .ARM.attributes
                0x0000000000000665       0x2d c:/st/stm32cubeide_1.6.0/stm32cubeide/plugins/com.st.stm32cube.ide.mcu.externaltools.gnu-tools-for-stm32.9-2020-q2-update.win32_1.5.0.202011040924/tools/bin/../lib/gcc/arm-none-eabi/9.3.1/../../../../arm-none-eabi/lib/thumb/v7-m/nofp\libc_nano.a(lib_a-nano-freer.o)
 .ARM.attributes
                0x0000000000000692       0x2d c:/st/stm32cubeide_1.6.0/stm32cubeide/plugins/com.st.stm32cube.ide.mcu.externaltools.gnu-tools-for-stm32.9-2020-q2-update.win32_1.5.0.202011040924/tools/bin/../lib/gcc/arm-none-eabi/9.3.1/../../../../arm-none-eabi/lib/thumb/v7-m/nofp\libc_nano.a(lib_a-nano-mallocr.o)
 .ARM.attributes
                0x00000000000006bf       0x2d c:/st/stm32cubeide_1.6.0/stm32cubeide/plugins/com.st.stm32cube.ide.mcu.externaltools.gnu-tools-for-stm32.9-2020-q2-update.win32_1.5.0.202011040924/tools/bin/../lib/gcc/arm-none-eabi/9.3.1/../../../../arm-none-eabi/lib/thumb/v7-m/nofp\libc_nano.a(lib_a-nano-reallocr.o)
 .ARM.attributes
                0x00000000000006ec       0x2d c:/st/stm32cubeide_1.6.0/stm32cubeide/plugins/com.st.stm32cube.ide.mcu.externaltools.gnu-tools-for-stm32.9-2020-q2-update.win32_1.5.0.202011040924/tools/bin/../lib/gcc/arm-none-eabi/9.3.1/../../../../arm-none-eabi/lib/thumb/v7-m/nofp\libc_nano.a(lib_a-sbrkr.o)
 .ARM.attributes
                0x0000000000000719       0x2d c:/st/stm32cubeide_1.6.0/stm32cubeide/plugins/com.st.stm32cube.ide.mcu.externaltools.gnu-tools-for-stm32.9-2020-q2-update.win32_1.5.0.202011040924/tools/bin/../lib/gcc/arm-none-eabi/9.3.1/../../../../arm-none-eabi/lib/thumb/v7-m/nofp\libc_nano.a(lib_a-mlock.o)
 .ARM.attributes
                0x0000000000000746       0x2d c:/st/stm32cubeide_1.6.0/stm32cubeide/plugins/com.st.stm32cube.ide.mcu.externaltools.gnu-tools-for-stm32.9-2020-q2-update.win32_1.5.0.202011040924/tools/bin/../lib/gcc/arm-none-eabi/9.3.1/../../../../arm-none-eabi/lib/thumb/v7-m/nofp\libc_nano.a(lib_a-nano-msizer.o)
 .ARM.attributes
                0x0000000000000773       0x2d c:/st/stm32cubeide_1.6.0/stm32cubeide/plugins/com.st.stm32cube.ide.mcu.externaltools.gnu-tools-for-stm32.9-2020-q2-update.win32_1.5.0.202011040924/tools/bin/../lib/gcc/arm-none-eabi/9.3.1/../../../../arm-none-eabi/lib/thumb/v7-m/nofp\libc_nano.a(lib_a-reent.o)
 .ARM.attributes
                0x00000000000007a0       0x2d c:/st/stm32cubeide_1.6.0/stm32cubeide/plugins/com.st.stm32cube.ide.mcu.externaltools.gnu-tools-for-stm32.9-2020-q2-update.win32_1.5.0.202011040924/tools/bin/../lib/gcc/arm-none-eabi/9.3.1/../../../../arm-none-eabi/lib/thumb/v7-m/nofp\libc_nano.a(lib_a-lock.o)
 .ARM.attributes
                0x00000000000007cd       0x1d c:/st/stm32cubeide_1.6.0/stm32cubeide/plugins/com.st.stm32cube.ide.mcu.externaltools.gnu-tools-for-stm32.9-2020-q2-update.win32_1.5.0.202011040924/tools/bin/../lib/gcc/arm-none-eabi/9.3.1/thumb/v7-m/nofp/crtn.o
OUTPUT(usbser1.elf elf32-littlearm)
LOAD linker stubs
LOAD c:/st/stm32cubeide_1.6.0/stm32cubeide/plugins/com.st.stm32cube.ide.mcu.externaltools.gnu-tools-for-stm32.9-2020-q2-update.win32_1.5.0.202011040924/tools/bin/../lib/gcc/arm-none-eabi/9.3.1/../../../../arm-none-eabi/lib/thumb/v7-m/nofp\libc.a
LOAD c:/st/stm32cubeide_1.6.0/stm32cubeide/plugins/com.st.stm32cube.ide.mcu.externaltools.gnu-tools-for-stm32.9-2020-q2-update.win32_1.5.0.202011040924/tools/bin/../lib/gcc/arm-none-eabi/9.3.1/../../../../arm-none-eabi/lib/thumb/v7-m/nofp\libm.a
LOAD c:/st/stm32cubeide_1.6.0/stm32cubeide/plugins/com.st.stm32cube.ide.mcu.externaltools.gnu-tools-for-stm32.9-2020-q2-update.win32_1.5.0.202011040924/tools/bin/../lib/gcc/arm-none-eabi/9.3.1/thumb/v7-m/nofp\libgcc.a

.debug_info     0x0000000000000000    0x136df
 .debug_info    0x0000000000000000      0xfa1 Core/Src/main.o
 .debug_info    0x0000000000000fa1      0xb9e Core/Src/stm32f1xx_hal_msp.o
 .debug_info    0x0000000000001b3f      0xfc8 Core/Src/stm32f1xx_it.o
 .debug_info    0x0000000000002b07      0xa25 Core/Src/sysmem.o
 .debug_info    0x000000000000352c      0x2be Core/Src/system_stm32f1xx.o
 .debug_info    0x00000000000037ea       0x22 Core/Startup/startup_stm32f103c8tx.o
 .debug_info    0x000000000000380c      0x76a Drivers/STM32F1xx_HAL_Driver/Src/stm32f1xx_hal.o
 .debug_info    0x0000000000003f76      0xbdc Drivers/STM32F1xx_HAL_Driver/Src/stm32f1xx_hal_cortex.o
 .debug_info    0x0000000000004b52      0x701 Drivers/STM32F1xx_HAL_Driver/Src/stm32f1xx_hal_gpio.o
 .debug_info    0x0000000000005253     0x1332 Drivers/STM32F1xx_HAL_Driver/Src/stm32f1xx_hal_pcd.o
 .debug_info    0x0000000000006585      0x7fa Drivers/STM32F1xx_HAL_Driver/Src/stm32f1xx_hal_pcd_ex.o
 .debug_info    0x0000000000006d7f      0x88e Drivers/STM32F1xx_HAL_Driver/Src/stm32f1xx_hal_rcc.o
 .debug_info    0x000000000000760d      0x480 Drivers/STM32F1xx_HAL_Driver/Src/stm32f1xx_hal_rcc_ex.o
 .debug_info    0x0000000000007a8d     0x1911 Drivers/STM32F1xx_HAL_Driver/Src/stm32f1xx_ll_usb.o
 .debug_info    0x000000000000939e     0x1938 Middlewares/ST/STM32_USB_Device_Library/Class/CDC/Src/usbd_cdc.o
 .debug_info    0x000000000000acd6     0x12ef Middlewares/ST/STM32_USB_Device_Library/Core/Src/usbd_core.o
 .debug_info    0x000000000000bfc5     0x125c Middlewares/ST/STM32_USB_Device_Library/Core/Src/usbd_ctlreq.o
 .debug_info    0x000000000000d221     0x102e Middlewares/ST/STM32_USB_Device_Library/Core/Src/usbd_ioreq.o
 .debug_info    0x000000000000e24f      0x18f USB_DEVICE/App/EvtQueue.o
 .debug_info    0x000000000000e3de      0x211 USB_DEVICE/App/PushButton.o
 .debug_info    0x000000000000e5ef      0x2a7 USB_DEVICE/App/UsrTimer.o
 .debug_info    0x000000000000e896      0xf6b USB_DEVICE/App/usb_device.o
 .debug_info    0x000000000000f801     0x1170 USB_DEVICE/App/usbd_cdc_if.o
 .debug_info    0x0000000000010971      0xde8 USB_DEVICE/App/usbd_desc.o
 .debug_info    0x0000000000011759     0x1f86 USB_DEVICE/Target/usbd_conf.o

.debug_abbrev   0x0000000000000000     0x3402
 .debug_abbrev  0x0000000000000000      0x307 Core/Src/main.o
 .debug_abbrev  0x0000000000000307      0x1eb Core/Src/stm32f1xx_hal_msp.o
 .debug_abbrev  0x00000000000004f2      0x21c Core/Src/stm32f1xx_it.o
 .debug_abbrev  0x000000000000070e      0x1bf Core/Src/sysmem.o
 .debug_abbrev  0x00000000000008cd      0x14e Core/Src/system_stm32f1xx.o
 .debug_abbrev  0x0000000000000a1b       0x12 Core/Startup/startup_stm32f103c8tx.o
 .debug_abbrev  0x0000000000000a2d      0x1ed Drivers/STM32F1xx_HAL_Driver/Src/stm32f1xx_hal.o
 .debug_abbrev  0x0000000000000c1a      0x313 Drivers/STM32F1xx_HAL_Driver/Src/stm32f1xx_hal_cortex.o
 .debug_abbrev  0x0000000000000f2d      0x1e8 Drivers/STM32F1xx_HAL_Driver/Src/stm32f1xx_hal_gpio.o
 .debug_abbrev  0x0000000000001115      0x29e Drivers/STM32F1xx_HAL_Driver/Src/stm32f1xx_hal_pcd.o
 .debug_abbrev  0x00000000000013b3      0x1ac Drivers/STM32F1xx_HAL_Driver/Src/stm32f1xx_hal_pcd_ex.o
 .debug_abbrev  0x000000000000155f      0x273 Drivers/STM32F1xx_HAL_Driver/Src/stm32f1xx_hal_rcc.o
 .debug_abbrev  0x00000000000017d2      0x193 Drivers/STM32F1xx_HAL_Driver/Src/stm32f1xx_hal_rcc_ex.o
 .debug_abbrev  0x0000000000001965      0x1fa Drivers/STM32F1xx_HAL_Driver/Src/stm32f1xx_ll_usb.o
 .debug_abbrev  0x0000000000001b5f      0x2f6 Middlewares/ST/STM32_USB_Device_Library/Class/CDC/Src/usbd_cdc.o
 .debug_abbrev  0x0000000000001e55      0x2a8 Middlewares/ST/STM32_USB_Device_Library/Core/Src/usbd_core.o
 .debug_abbrev  0x00000000000020fd      0x2de Middlewares/ST/STM32_USB_Device_Library/Core/Src/usbd_ctlreq.o
 .debug_abbrev  0x00000000000023db      0x20a Middlewares/ST/STM32_USB_Device_Library/Core/Src/usbd_ioreq.o
 .debug_abbrev  0x00000000000025e5       0xfe USB_DEVICE/App/EvtQueue.o
 .debug_abbrev  0x00000000000026e3      0x11e USB_DEVICE/App/PushButton.o
 .debug_abbrev  0x0000000000002801      0x166 USB_DEVICE/App/UsrTimer.o
 .debug_abbrev  0x0000000000002967      0x1e4 USB_DEVICE/App/usb_device.o
 .debug_abbrev  0x0000000000002b4b      0x2d0 USB_DEVICE/App/usbd_cdc_if.o
 .debug_abbrev  0x0000000000002e1b      0x2ca USB_DEVICE/App/usbd_desc.o
 .debug_abbrev  0x00000000000030e5      0x31d USB_DEVICE/Target/usbd_conf.o

.debug_aranges  0x0000000000000000      0xb58
 .debug_aranges
                0x0000000000000000       0x58 Core/Src/main.o
 .debug_aranges
                0x0000000000000058       0x20 Core/Src/stm32f1xx_hal_msp.o
 .debug_aranges
                0x0000000000000078       0x68 Core/Src/stm32f1xx_it.o
 .debug_aranges
                0x00000000000000e0       0x20 Core/Src/sysmem.o
 .debug_aranges
                0x0000000000000100       0x28 Core/Src/system_stm32f1xx.o
 .debug_aranges
                0x0000000000000128       0x28 Core/Startup/startup_stm32f103c8tx.o
 .debug_aranges
                0x0000000000000150       0xe0 Drivers/STM32F1xx_HAL_Driver/Src/stm32f1xx_hal.o
 .debug_aranges
                0x0000000000000230      0x100 Drivers/STM32F1xx_HAL_Driver/Src/stm32f1xx_hal_cortex.o
 .debug_aranges
                0x0000000000000330       0x58 Drivers/STM32F1xx_HAL_Driver/Src/stm32f1xx_hal_gpio.o
 .debug_aranges
                0x0000000000000388      0x138 Drivers/STM32F1xx_HAL_Driver/Src/stm32f1xx_hal_pcd.o
 .debug_aranges
                0x00000000000004c0       0x38 Drivers/STM32F1xx_HAL_Driver/Src/stm32f1xx_hal_pcd_ex.o
 .debug_aranges
                0x00000000000004f8       0x90 Drivers/STM32F1xx_HAL_Driver/Src/stm32f1xx_hal_rcc.o
 .debug_aranges
                0x0000000000000588       0x30 Drivers/STM32F1xx_HAL_Driver/Src/stm32f1xx_hal_rcc_ex.o
 .debug_aranges
                0x00000000000005b8       0xf0 Drivers/STM32F1xx_HAL_Driver/Src/stm32f1xx_ll_usb.o
 .debug_aranges
                0x00000000000006a8       0x90 Middlewares/ST/STM32_USB_Device_Library/Class/CDC/Src/usbd_cdc.o
 .debug_aranges
                0x0000000000000738       0xb8 Middlewares/ST/STM32_USB_Device_Library/Core/Src/usbd_core.o
 .debug_aranges
                0x00000000000007f0       0x88 Middlewares/ST/STM32_USB_Device_Library/Core/Src/usbd_ctlreq.o
 .debug_aranges
                0x0000000000000878       0x50 Middlewares/ST/STM32_USB_Device_Library/Core/Src/usbd_ioreq.o
 .debug_aranges
                0x00000000000008c8       0x30 USB_DEVICE/App/EvtQueue.o
 .debug_aranges
                0x00000000000008f8       0x38 USB_DEVICE/App/PushButton.o
 .debug_aranges
                0x0000000000000930       0x50 USB_DEVICE/App/UsrTimer.o
 .debug_aranges
                0x0000000000000980       0x20 USB_DEVICE/App/usb_device.o
 .debug_aranges
                0x00000000000009a0       0x40 USB_DEVICE/App/usbd_cdc_if.o
 .debug_aranges
                0x00000000000009e0       0x60 USB_DEVICE/App/usbd_desc.o
 .debug_aranges
                0x0000000000000a40      0x118 USB_DEVICE/Target/usbd_conf.o

.debug_ranges   0x0000000000000000      0x9d0
 .debug_ranges  0x0000000000000000       0x48 Core/Src/main.o
 .debug_ranges  0x0000000000000048       0x10 Core/Src/stm32f1xx_hal_msp.o
 .debug_ranges  0x0000000000000058       0x58 Core/Src/stm32f1xx_it.o
 .debug_ranges  0x00000000000000b0       0x10 Core/Src/sysmem.o
 .debug_ranges  0x00000000000000c0       0x18 Core/Src/system_stm32f1xx.o
 .debug_ranges  0x00000000000000d8       0x20 Core/Startup/startup_stm32f103c8tx.o
 .debug_ranges  0x00000000000000f8       0xd0 Drivers/STM32F1xx_HAL_Driver/Src/stm32f1xx_hal.o
 .debug_ranges  0x00000000000001c8       0xf0 Drivers/STM32F1xx_HAL_Driver/Src/stm32f1xx_hal_cortex.o
 .debug_ranges  0x00000000000002b8       0x48 Drivers/STM32F1xx_HAL_Driver/Src/stm32f1xx_hal_gpio.o
 .debug_ranges  0x0000000000000300      0x128 Drivers/STM32F1xx_HAL_Driver/Src/stm32f1xx_hal_pcd.o
 .debug_ranges  0x0000000000000428       0x28 Drivers/STM32F1xx_HAL_Driver/Src/stm32f1xx_hal_pcd_ex.o
 .debug_ranges  0x0000000000000450       0x80 Drivers/STM32F1xx_HAL_Driver/Src/stm32f1xx_hal_rcc.o
 .debug_ranges  0x00000000000004d0       0x20 Drivers/STM32F1xx_HAL_Driver/Src/stm32f1xx_hal_rcc_ex.o
 .debug_ranges  0x00000000000004f0       0xe0 Drivers/STM32F1xx_HAL_Driver/Src/stm32f1xx_ll_usb.o
 .debug_ranges  0x00000000000005d0       0x80 Middlewares/ST/STM32_USB_Device_Library/Class/CDC/Src/usbd_cdc.o
 .debug_ranges  0x0000000000000650       0xa8 Middlewares/ST/STM32_USB_Device_Library/Core/Src/usbd_core.o
 .debug_ranges  0x00000000000006f8       0x78 Middlewares/ST/STM32_USB_Device_Library/Core/Src/usbd_ctlreq.o
 .debug_ranges  0x0000000000000770       0x40 Middlewares/ST/STM32_USB_Device_Library/Core/Src/usbd_ioreq.o
 .debug_ranges  0x00000000000007b0       0x20 USB_DEVICE/App/EvtQueue.o
 .debug_ranges  0x00000000000007d0       0x28 USB_DEVICE/App/PushButton.o
 .debug_ranges  0x00000000000007f8       0x40 USB_DEVICE/App/UsrTimer.o
 .debug_ranges  0x0000000000000838       0x10 USB_DEVICE/App/usb_device.o
 .debug_ranges  0x0000000000000848       0x30 USB_DEVICE/App/usbd_cdc_if.o
 .debug_ranges  0x0000000000000878       0x50 USB_DEVICE/App/usbd_desc.o
 .debug_ranges  0x00000000000008c8      0x108 USB_DEVICE/Target/usbd_conf.o

.debug_macro    0x0000000000000000    0x1a2bf
 .debug_macro   0x0000000000000000      0x3e7 Core/Src/main.o
 .debug_macro   0x00000000000003e7      0xa9c Core/Src/main.o
 .debug_macro   0x0000000000000e83      0x215 Core/Src/main.o
 .debug_macro   0x0000000000001098       0x2e Core/Src/main.o
 .debug_macro   0x00000000000010c6       0x22 Core/Src/main.o
 .debug_macro   0x00000000000010e8       0x22 Core/Src/main.o
 .debug_macro   0x000000000000110a       0x8e Core/Src/main.o
 .debug_macro   0x0000000000001198       0x51 Core/Src/main.o
 .debug_macro   0x00000000000011e9      0x103 Core/Src/main.o
 .debug_macro   0x00000000000012ec       0x6a Core/Src/main.o
 .debug_macro   0x0000000000001356      0x1df Core/Src/main.o
 .debug_macro   0x0000000000001535       0x1c Core/Src/main.o
 .debug_macro   0x0000000000001551       0x22 Core/Src/main.o
 .debug_macro   0x0000000000001573       0xc3 Core/Src/main.o
 .debug_macro   0x0000000000001636      0xd23 Core/Src/main.o
 .debug_macro   0x0000000000002359     0xe097 Core/Src/main.o
 .debug_macro   0x00000000000103f0       0x43 Core/Src/main.o
 .debug_macro   0x0000000000010433     0x3468 Core/Src/main.o
 .debug_macro   0x000000000001389b      0x174 Core/Src/main.o
 .debug_macro   0x0000000000013a0f       0x5c Core/Src/main.o
 .debug_macro   0x0000000000013a6b      0x5be Core/Src/main.o
 .debug_macro   0x0000000000014029      0x289 Core/Src/main.o
 .debug_macro   0x00000000000142b2      0x1cb Core/Src/main.o
 .debug_macro   0x000000000001447d      0x114 Core/Src/main.o
 .debug_macro   0x0000000000014591      0x1b2 Core/Src/main.o
 .debug_macro   0x0000000000014743       0x27 Core/Src/main.o
 .debug_macro   0x000000000001476a      0x136 Core/Src/main.o
 .debug_macro   0x00000000000148a0      0x1bc Core/Src/main.o
 .debug_macro   0x0000000000014a5c       0x34 Core/Src/main.o
 .debug_macro   0x0000000000014a90       0x3c Core/Src/main.o
 .debug_macro   0x0000000000014acc       0x57 Core/Src/main.o
 .debug_macro   0x0000000000014b23       0x88 Core/Src/main.o
 .debug_macro   0x0000000000014bab      0x241 Core/Src/main.o
 .debug_macro   0x0000000000014dec      0x141 Core/Src/main.o
 .debug_macro   0x0000000000014f2d       0x65 Core/Src/main.o
 .debug_macro   0x0000000000014f92      0x249 Core/Src/main.o
 .debug_macro   0x00000000000151db       0x83 Core/Src/main.o
 .debug_macro   0x000000000001525e       0x52 Core/Src/main.o
 .debug_macro   0x00000000000152b0       0x18 Core/Src/main.o
 .debug_macro   0x00000000000152c8       0x3c Core/Src/main.o
 .debug_macro   0x0000000000015304       0x34 Core/Src/main.o
 .debug_macro   0x0000000000015338       0x16 Core/Src/main.o
 .debug_macro   0x000000000001534e       0x35 Core/Src/main.o
 .debug_macro   0x0000000000015383      0x333 Core/Src/main.o
 .debug_macro   0x00000000000156b6       0x10 Core/Src/main.o
 .debug_macro   0x00000000000156c6       0x16 Core/Src/main.o
 .debug_macro   0x00000000000156dc       0x43 Core/Src/main.o
 .debug_macro   0x000000000001571f       0x34 Core/Src/main.o
 .debug_macro   0x0000000000015753       0x10 Core/Src/main.o
 .debug_macro   0x0000000000015763       0x58 Core/Src/main.o
 .debug_macro   0x00000000000157bb       0x71 Core/Src/main.o
 .debug_macro   0x000000000001582c       0x1c Core/Src/main.o
 .debug_macro   0x0000000000015848      0x12a Core/Src/main.o
 .debug_macro   0x0000000000015972       0x10 Core/Src/main.o
 .debug_macro   0x0000000000015982       0x1c Core/Src/main.o
 .debug_macro   0x000000000001599e       0x52 Core/Src/main.o
 .debug_macro   0x00000000000159f0       0x22 Core/Src/main.o
 .debug_macro   0x0000000000015a12       0x10 Core/Src/main.o
 .debug_macro   0x0000000000015a22       0x40 Core/Src/main.o
 .debug_macro   0x0000000000015a62       0xd5 Core/Src/main.o
 .debug_macro   0x0000000000015b37       0x1c Core/Src/main.o
 .debug_macro   0x0000000000015b53       0x3d Core/Src/main.o
 .debug_macro   0x0000000000015b90       0x16 Core/Src/main.o
 .debug_macro   0x0000000000015ba6      0x145 Core/Src/main.o
 .debug_macro   0x0000000000015ceb       0x4c Core/Src/main.o
 .debug_macro   0x0000000000015d37       0x10 Core/Src/main.o
 .debug_macro   0x0000000000015d47       0x22 Core/Src/main.o
 .debug_macro   0x0000000000015d69       0x10 Core/Src/main.o
 .debug_macro   0x0000000000015d79       0x5e Core/Src/main.o
 .debug_macro   0x0000000000015dd7       0x10 Core/Src/main.o
 .debug_macro   0x0000000000015de7       0x34 Core/Src/main.o
 .debug_macro   0x0000000000015e1b       0x40 Core/Src/main.o
 .debug_macro   0x0000000000015e5b       0x16 Core/Src/main.o
 .debug_macro   0x0000000000015e71       0x16 Core/Src/main.o
 .debug_macro   0x0000000000015e87       0x29 Core/Src/main.o
 .debug_macro   0x0000000000015eb0       0x16 Core/Src/main.o
 .debug_macro   0x0000000000015ec6       0x20 Core/Src/main.o
 .debug_macro   0x0000000000015ee6       0x60 Core/Src/main.o
 .debug_macro   0x0000000000015f46      0x1c8 Core/Src/main.o
 .debug_macro   0x000000000001610e      0x35b Core/Src/stm32f1xx_hal_msp.o
 .debug_macro   0x0000000000016469      0x365 Core/Src/stm32f1xx_it.o
 .debug_macro   0x00000000000167ce       0xff Core/Src/sysmem.o
 .debug_macro   0x00000000000168cd      0x23b Core/Src/sysmem.o
 .debug_macro   0x0000000000016b08      0x1a8 Core/Src/system_stm32f1xx.o
 .debug_macro   0x0000000000016cb0      0x1cc Drivers/STM32F1xx_HAL_Driver/Src/stm32f1xx_hal.o
 .debug_macro   0x0000000000016e7c      0x1a8 Drivers/STM32F1xx_HAL_Driver/Src/stm32f1xx_hal_cortex.o
 .debug_macro   0x0000000000017024      0x213 Drivers/STM32F1xx_HAL_Driver/Src/stm32f1xx_hal_gpio.o
 .debug_macro   0x0000000000017237      0x1b4 Drivers/STM32F1xx_HAL_Driver/Src/stm32f1xx_hal_pcd.o
 .debug_macro   0x00000000000173eb      0x1a8 Drivers/STM32F1xx_HAL_Driver/Src/stm32f1xx_hal_pcd_ex.o
 .debug_macro   0x0000000000017593      0x1ba Drivers/STM32F1xx_HAL_Driver/Src/stm32f1xx_hal_rcc.o
 .debug_macro   0x000000000001774d      0x1a8 Drivers/STM32F1xx_HAL_Driver/Src/stm32f1xx_hal_rcc_ex.o
 .debug_macro   0x00000000000178f5      0x1a8 Drivers/STM32F1xx_HAL_Driver/Src/stm32f1xx_ll_usb.o
 .debug_macro   0x0000000000017a9d      0x412 Middlewares/ST/STM32_USB_Device_Library/Class/CDC/Src/usbd_cdc.o
 .debug_macro   0x0000000000017eaf       0x97 Middlewares/ST/STM32_USB_Device_Library/Class/CDC/Src/usbd_cdc.o
 .debug_macro   0x0000000000017f46       0xfd Middlewares/ST/STM32_USB_Device_Library/Class/CDC/Src/usbd_cdc.o
 .debug_macro   0x0000000000018043       0xbd Middlewares/ST/STM32_USB_Device_Library/Class/CDC/Src/usbd_cdc.o
 .debug_macro   0x0000000000018100       0x56 Middlewares/ST/STM32_USB_Device_Library/Class/CDC/Src/usbd_cdc.o
 .debug_macro   0x0000000000018156       0x8f Middlewares/ST/STM32_USB_Device_Library/Class/CDC/Src/usbd_cdc.o
 .debug_macro   0x00000000000181e5      0x3f9 Middlewares/ST/STM32_USB_Device_Library/Core/Src/usbd_core.o
 .debug_macro   0x00000000000185de      0x1ce Middlewares/ST/STM32_USB_Device_Library/Core/Src/usbd_core.o
 .debug_macro   0x00000000000187ac      0x403 Middlewares/ST/STM32_USB_Device_Library/Core/Src/usbd_ctlreq.o
 .debug_macro   0x0000000000018baf      0x3ff Middlewares/ST/STM32_USB_Device_Library/Core/Src/usbd_ioreq.o
 .debug_macro   0x0000000000018fae       0xa1 USB_DEVICE/App/EvtQueue.o
 .debug_macro   0x000000000001904f       0xa9 USB_DEVICE/App/PushButton.o
 .debug_macro   0x00000000000190f8       0x10 USB_DEVICE/App/PushButton.o
 .debug_macro   0x0000000000019108       0x28 USB_DEVICE/App/PushButton.o
 .debug_macro   0x0000000000019130       0x84 USB_DEVICE/App/UsrTimer.o
 .debug_macro   0x00000000000191b4      0x438 USB_DEVICE/App/usb_device.o
 .debug_macro   0x00000000000195ec       0x22 USB_DEVICE/App/usb_device.o
 .debug_macro   0x000000000001960e       0x16 USB_DEVICE/App/usb_device.o
 .debug_macro   0x0000000000019624      0x41d USB_DEVICE/App/usbd_cdc_if.o
 .debug_macro   0x0000000000019a41       0x10 USB_DEVICE/App/usbd_cdc_if.o
 .debug_macro   0x0000000000019a51      0x436 USB_DEVICE/App/usbd_desc.o
 .debug_macro   0x0000000000019e87       0x1c USB_DEVICE/App/usbd_desc.o
 .debug_macro   0x0000000000019ea3      0x41c USB_DEVICE/Target/usbd_conf.o

.debug_line     0x0000000000000000     0xfa0a
 .debug_line    0x0000000000000000      0xb47 Core/Src/main.o
 .debug_line    0x0000000000000b47      0x8b6 Core/Src/stm32f1xx_hal_msp.o
 .debug_line    0x00000000000013fd      0x99c Core/Src/stm32f1xx_it.o
 .debug_line    0x0000000000001d99      0x4f8 Core/Src/sysmem.o
 .debug_line    0x0000000000002291      0x6f9 Core/Src/system_stm32f1xx.o
 .debug_line    0x000000000000298a       0x84 Core/Startup/startup_stm32f103c8tx.o
 .debug_line    0x0000000000002a0e      0x926 Drivers/STM32F1xx_HAL_Driver/Src/stm32f1xx_hal.o
 .debug_line    0x0000000000003334      0xb0e Drivers/STM32F1xx_HAL_Driver/Src/stm32f1xx_hal_cortex.o
 .debug_line    0x0000000000003e42      0x9bd Drivers/STM32F1xx_HAL_Driver/Src/stm32f1xx_hal_gpio.o
 .debug_line    0x00000000000047ff     0x12a5 Drivers/STM32F1xx_HAL_Driver/Src/stm32f1xx_hal_pcd.o
 .debug_line    0x0000000000005aa4      0x6f4 Drivers/STM32F1xx_HAL_Driver/Src/stm32f1xx_hal_pcd_ex.o
 .debug_line    0x0000000000006198      0xd34 Drivers/STM32F1xx_HAL_Driver/Src/stm32f1xx_hal_rcc.o
 .debug_line    0x0000000000006ecc      0x872 Drivers/STM32F1xx_HAL_Driver/Src/stm32f1xx_hal_rcc_ex.o
 .debug_line    0x000000000000773e      0xf7b Drivers/STM32F1xx_HAL_Driver/Src/stm32f1xx_ll_usb.o
 .debug_line    0x00000000000086b9      0xd61 Middlewares/ST/STM32_USB_Device_Library/Class/CDC/Src/usbd_cdc.o
 .debug_line    0x000000000000941a      0xde1 Middlewares/ST/STM32_USB_Device_Library/Core/Src/usbd_core.o
 .debug_line    0x000000000000a1fb     0x1000 Middlewares/ST/STM32_USB_Device_Library/Core/Src/usbd_ctlreq.o
 .debug_line    0x000000000000b1fb      0xa77 Middlewares/ST/STM32_USB_Device_Library/Core/Src/usbd_ioreq.o
 .debug_line    0x000000000000bc72      0x4a0 USB_DEVICE/App/EvtQueue.o